258	99.612	Lyciasalamandra_atifi_2154999	matching_sequence_from_database	CGTGAGCCGCTGTCACTAATCAACCTCCGGAAGAGAAATGAGGAAACTGGAGAGGAGGAGCTGGCATCCAAACTCAACAAGCACAAGGCCAAAGCAACCAGACATATTTTCCTCATCCGTCACTCCCAGTACAACCTAGATGGGCGTGCTGATACAGACCGGACGCTAACACTGCTAGGTCGTGAGCAGGCTGAAATGACGGGCCAAAGACTGGCCAGTTTGGGGTTTAAATATGACCAGATAGTTCACTCTTCTATG	1	1
258	98.062	Lyciasalamandra_atifi_2154999	second	CGTGAGCCGATGTCACTAATCAACCTCCGGAAGAGAAATGAGGAAACTGGAGAGGAGGAGCTGGCATCCAAACTCTACAAGCACAAGGCCAAAGCAACCAGACATAAATTCCTCATCCGTCACTCCCAGTACAACCTAGATGGGCGTGCTGATACAGACCGGACGCTAACACTGCTAGGTCGTGAGCAGGCTGAAATGACGGGCCAAAGACTGGCCAGTTTGGGGTTTAAATATGACCAGATAGTTCACTCTTCTATG	1	1
441	99.320	Salamandra_algira_2033643	matching_sequence_from_database	GACCAGATAGTTCACTCTTCTATGACTAGAGCAGCAGAGACTACGGAGATAATCGGAAAGTACCTGCCTGGGGTGAAGAAAACCAGCACGGACCTGCTGAGAGAGGGTGCCCCAATCCCACCAGACCCCCCTATTTCTCACTGGAAGCCAGACGCTGTGNNNTACTACGAGGACGGTGCCCGTATTGAAGCTGCATTTCGACGCTTCATTCACAGAGCAGACGCCAAGCAGGAGAAGGATAGCTATGAGGTCTTCATTTGTCATGCCAATGTCATCCGCTACATCGTTTGCAGAGCTTTGCAGTTCCCACCTGAGGGCTGGCTTCGGATGTCCCTGAACAACGGCAGCATTACTTACCTGGTGATTCACCCGAATGGACGGGTGGCACTGCGAGTACTTGGGGAGACTGGGTTCATGCCTCCTGAGAAAATCACCCGCACG	1	1
441	97.959	Salamandra_algira_2033643	second	GACCAGATAGTTCACTCTTCTATGACTAGAGCAGCAGAGACTACGGAGATAATCGGAAAGTACCTGCCTGGGGTGAAGAAAACCAGCACGGACCTGCTGAGAGAGGGTGCCCCAATCCCACCAGACCCCCCTAGTTCTCACTAGAAGCCAGACGCTGTGNNNTACTACGACCACGGTGCCCGTATTGAAGCTGCATTTCGACGCTTCATTCACAGAGCAGACGCCAAGCAGTAGAAGGATAGCTATGAGGTATTCATTTGTCATGCCAATGTCATCCGCTACATCGTTTGCAGAGCTTTGCAGTTCCCACCTGAGGGCTGGCTTCGGATGTCCCTGAACAACGGCAGCATTACTTACCTGGTGATTCACCCGAATGGACGGGTGGCACTGCGAGTACTTGGGGAGACTGGGTTCATGCCTCCTGAGAAAATCACCCGCACG	1	1
675	99.407	Salamandra_infraimmaculata_2840709	matching_sequence_from_database	CGTGAGCCGCTGTCACTAATCAACCTCCGGAAGAGAAATGAGGAAACTGGAGAGGAGGAGCTGGCATCCAAACTCAACAAGCACAAGGCCAAAGCAACCAGACATATTTTCCTCATCCGTCACTCCCAGTACAACCTAGATGGGCGTGCTGATACAGACCGGACGCTAACACTGCTAGGTCGTGAGCAGGCTGAAATGACGGGCCAAAGACTGGCCAGTTTGGGGTTTAAATATGACCAGATAGTTCACTCTTCTATGACTAGAGCAGCAGAGACTACGGAGATAATCGGAAAGTACCTGCCTGGGGTGAAGAAAACCAGCACGGACCTGCTGAGAGAGGGTGCCCCAATCCCACCAGACCCCCCTATTTCTCACTGGAAGCCAGACGCTGTGNNNTACTACGAGGACGGTGCCCGTATTGAAGCTGCATTTCGACGCTTCATTCACAGAGCAGACGCCAAGCAGGAGAAGGATAGCTATGAGGTCTTCATTTGTCATGCCAATGTCATCCGCTACATCGTTTGCAGAGCTTTGCAGTTCCCACCTGAGGGCTGGCTTCGGATGTCCCTGAACAACGGCAGCATTACTTACCTGGTGATTCACCCGAATGGACGGGTGGCACTGCGAGTACTTGGGGAGACTGGGTTCATGCCTCCTGAGAAAATCACCCGCACG	1	1
675	97.926	Salamandra_infraimmaculata_2840709	second	CGTGAGCCGATGTCACTAATCAACCTCCGGAAGAGAAATGAGGAAACTGGAGAGGAGGAGCTGGCATCCAAACTCTACAAGCACAAGGCCAAAGCAACCAGACATAAATTCCTCATCCGTCACTCCCAGTACAACCTAGATGGGCGTGCTGATACAGACCGGACGCTAACACTGCTAGGTCGTGAGCAGGCTGAAATGACGGGCCAAAGACTGGCCAGTTTGGGGTTTAAATATGACCAGATAGTTCACTCTTCTATGACTAGAGCAGCAGAGACTACGGAGATAATCGGAAAGTACCTGCCTGGGGTGAAGAAAACCAGCACGGACCTGCTGAGAGAGGGTGCCCCAATCCCACCAGACCCCCCTAGTTCTCACTAGAAGCCAGACGCTGTGNNNTACTACGACCACGGTGCCCGTATTGAAGCTGCATTTCGACGCTTCATTCACAGAGCAGACGCCAAGCAGTAGAAGGATAGCTATGAGGTATTCATTTGTCATGCCAATGTCATCCGCTACATCGTTTGCAGAGCTTTGCAGTTCCCACCTGAGGGCTGGCTTCGGATGTCCCTGAACAACGGCAGCATTACTTACCTGGTGATTCACCCGAATGGACGGGTGGCACTGCGAGTACTTGGGGAGACTGGGTTCATGCCTCCTGAGAAAATCACCCGCACG	1	1
675	99.259	Salamandra_lanzai_2423292	matching_sequence_from_database	CGTGAGCCGCTGTCACTAATCAACCTCCGGAAGAGAAATGAGGAAACTGGAGAGGAGGAGCTGGCATCCAAACTCAACAAGCACAAGGCCAAAGCAACCAGACATATTTTCCTCATCCGTCACTCCCAGTACAACCTAGATGGGCGTGCTGATACAGACCGGACGCTAACACTGCTAGGTCGTGAGCAGGCTGAAATGACGGGCCAAAGACTGGCCAGTTTGGGGTTTAAATATGACCAGATAGTTCACTCTTCTATGACTAGAGCAGCAGAGACTACGGAGATAATCGGAAAGTACCTGCCTGGGGTGAAGAAAACCAGCACGGACCTGCTGAGAGAGGGTGCCCCAATCCCACCAGACCCCCCTATTTCTCACTGGAAGCCAGACGCTGTGNNNTACTACGAGGACGGTGCCCGTATTGAAGCTGCATTTCGACGCTTCATTCACAGAGCAGACGCCAAGCAGGAGAAGGATAGCTATGAGGTCTTCATTTGTCATGCCAATGTCATCCGCTACATCGTTTGCAGAGCTTTGCAGTTCCCACCTGAGGGCTGGCTTCGGATGTCCCTGAACAACGGCAGCATTACTTACCTGGTGATTCACCCGAATGGACGGGTGGCACTGCGAGTACTTGGGGAGACTGGGTTCATGCCTCCTGAGAAAATCACCCGCACG	1	1
675	97.778	Salamandra_lanzai_2423292	second	CGTGAGCCGATGTCACTAATCAACCTCCGGAAGAGAAATGAGGAAACTGGAGAGGAGGAGCTGGCATCCAAACTCTACAAGCACAAGGCCAAAGCAACCAGACATAAATTCCTCATCCGTCACTCCCAGTACAACCTAGATGGGCGTGCTGATACAGACCGGACGCTAACACTGCTAGGTCGTGAGCAGGCTGAAATGACGGGCCAAAGACTGGCCAGTTTGGGGTTTAAATATGACCAGATAGTTCACTCTTCTATGACTAGAGCAGCAGAGACTACGGAGATAATCGGAAAGTACCTGCCTGGGGTGAAGAAAACCAGCACGGACCTGCTGAGAGAGGGTGCCCCAATCCCACCAGACCCCCCTAGTTCTCACTAGAAGCCAGACGCTGTGNNNTACTACGACCACGGTGCCCGTATTGAAGCTGCATTTCGACGCTTCATTCACAGAGCAGACGCCAAGCAGTAGAAGGATAGCTATGAGGTATTCATTTGTCATGCCAATGTCATCCGCTACATCGTTTGCAGAGCTTTGCAGTTCCCACCTGAGGGCTGGCTTCGGATGTCCCTGAACAACGGCAGCATTACTTACCTGGTGATTCACCCGAATGGACGGGTGGCACTGCGAGTACTTGGGGAGACTGGGTTCATGCCTCCTGAGAAAATCACCCGCACG	1	1
615	99.512	Salamandra_salamandra_Galtier_2489775	matching_sequence_from_database	CTGGCATCCAAACTCAACAAGCACAAGGCCAAAGCAACCAGACATATTTTCCTCATCCGTCACTCCCAGTACAACCTAGATGGGCGTGCTGATACAGACCGGACGCTAACACTGCTAGGTCGTGAGCAGGCTGAAATGACGGGCCAAAGACTGGCCAGTTTGGGGTTTAAATATGACCAGATAGTTCACTCTTCTATGACTAGAGCAGCAGAGACTACGGAGATAATCGGAAAGTACCTGCCTGGGGTGAAGAAAACCAGCACGGACCTGCTGAGAGAGGGTGCCCCAATCCCACCAGACCCCCCTATTTCTCACTGGAAGCCAGACGCTGTGNNNTACTACGAGGACGGTGCCCGTATTGAAGCTGCATTTCGACGCTTCATTCACAGAGCAGACGCCAAGCAGGAGAAGGATAGCTATGAGGTCTTCATTTGTCATGCCAATGTCATCCGCTACATCGTTTGCAGAGCTTTGCAGTTCCCACCTGAGGGCTGGCTTCGGATGTCCCTGAACAACGGCAGCATTACTTACCTGGTGATTCACCCGAATGGACGGGTGGCACTGCGAGTACTTGGGGAGACTGGGTTCATGCCTCCTGAGAAAATCACCCGCACG	1	1
615	98.049	Salamandra_salamandra_Galtier_2489775	second	CTGGCATCCAAACTCTACAAGCACAAGGCCAAAGCAACCAGACATAAATTCCTCATCCGTCACTCCCAGTACAACCTAGATGGGCGTGCTGATACAGACCGGACGCTAACACTGCTAGGTCGTGAGCAGGCTGAAATGACGGGCCAAAGACTGGCCAGTTTGGGGTTTAAATATGACCAGATAGTTCACTCTTCTATGACTAGAGCAGCAGAGACTACGGAGATAATCGGAAAGTACCTGCCTGGGGTGAAGAAAACCAGCACGGACCTGCTGAGAGAGGGTGCCCCAATCCCACCAGACCCCCCTAGTTCTCACTAGAAGCCAGACGCTGTGNNNTACTACGACCACGGTGCCCGTATTGAAGCTGCATTTCGACGCTTCATTCACAGAGCAGACGCCAAGCAGTAGAAGGATAGCTATGAGGTATTCATTTGTCATGCCAATGTCATCCGCTACATCGTTTGCAGAGCTTTGCAGTTCCCACCTGAGGGCTGGCTTCGGATGTCCCTGAACAACGGCAGCATTACTTACCTGGTGATTCACCCGAATGGACGGGTGGCACTGCGAGTACTTGGGGAGACTGGGTTCATGCCTCCTGAGAAAATCACCCGCACG	1	1
675	99.556	Salamandra_salamandra_Miguel_2784579	matching_sequence_from_database	CGTGAGCCGCTGTCACTAATCAACCTCCGGAAGAGAAATGAGGAAACTGGAGAGGAGGAGCTGGCATCCAAACTCAACAAGCACAAGGCCAAAGCAACCAGACATATTTTCCTCATCCGTCACTCCCAGTACAACCTAGATGGGCGTGCTGATACAGACCGGACGCTAACACTGCTAGGTCGTGAGCAGGCTGAAATGACGGGCCAAAGACTGGCCAGTTTGGGGTTTAAATATGACCAGATAGTTCACTCTTCTATGACTAGAGCAGCAGAGACTACGGAGATAATCGGAAAGTACCTGCCTGGGGTGAAGAAAACCAGCACGGACCTGCTGAGAGAGGGTGCCCCAATCCCACCAGACCCCCCTATTTCTCACTGGAAGCCAGACGCTGTGNNNTACTACGAGGACGGTGCCCGTATTGAAGCTGCATTTCGACGCTTCATTCACAGAGCAGACGCCAAGCAGGAGAAGGATAGCTATGAGGTCTTCATTTGTCATGCCAATGTCATCCGCTACATCGTTTGCAGAGCTTTGCAGTTCCCACCTGAGGGCTGGCTTCGGATGTCCCTGAACAACGGCAGCATTACTTACCTGGTGATTCACCCGAATGGACGGGTGGCACTGCGAGTACTTGGGGAGACTGGGTTCATGCCTCCTGAGAAAATCACCCGCACG	1	1
675	98.074	Salamandra_salamandra_Miguel_2784579	second	CGTGAGCCGATGTCACTAATCAACCTCCGGAAGAGAAATGAGGAAACTGGAGAGGAGGAGCTGGCATCCAAACTCTACAAGCACAAGGCCAAAGCAACCAGACATAAATTCCTCATCCGTCACTCCCAGTACAACCTAGATGGGCGTGCTGATACAGACCGGACGCTAACACTGCTAGGTCGTGAGCAGGCTGAAATGACGGGCCAAAGACTGGCCAGTTTGGGGTTTAAATATGACCAGATAGTTCACTCTTCTATGACTAGAGCAGCAGAGACTACGGAGATAATCGGAAAGTACCTGCCTGGGGTGAAGAAAACCAGCACGGACCTGCTGAGAGAGGGTGCCCCAATCCCACCAGACCCCCCTAGTTCTCACTAGAAGCCAGACGCTGTGNNNTACTACGACCACGGTGCCCGTATTGAAGCTGCATTTCGACGCTTCATTCACAGAGCAGACGCCAAGCAGTAGAAGGATAGCTATGAGGTATTCATTTGTCATGCCAATGTCATCCGCTACATCGTTTGCAGAGCTTTGCAGTTCCCACCTGAGGGCTGGCTTCGGATGTCCCTGAACAACGGCAGCATTACTTACCTGGTGATTCACCCGAATGGACGGGTGGCACTGCGAGTACTTGGGGAGACTGGGTTCATGCCTCCTGAGAAAATCACCCGCACG	1	1
675	99.407	Salamandra_bernardezi	matching_sequence_from_database	CGTGAGCCGCTGTCACTAATCAACCTCCGGAAGAGAAATGAGGAAACTGGAGAGGAGGAGCTGGCATCCAAACTCAACAAGCACAAGGCCAAAGCAACCAGACATATTTTCCTCATCCGTCACTCCCAGTACAACCTAGATGGGCGTGCTGATACAGACCGGACGCTAACACTGCTAGGTCGTGAGCAGGCTGAAATGACGGGCCAAAGACTGGCCAGTTTGGGGTTTAAATATGACCAGATAGTTCACTCTTCTATGACTAGAGCAGCAGAGACTACGGAGATAATCGGAAAGTACCTGCCTGGGGTGAAGAAAACCAGCACGGACCTGCTGAGAGAGGGTGCCCCAATCCCACCAGACCCCCCTATTTCTCACTGGAAGCCAGACGCTGTGNNNTACTACGAGGACGGTGCCCGTATTGAAGCTGCATTTCGACGCTTCATTCACAGAGCAGACGCCAAGCAGGAGAAGGATAGCTATGAGGTCTTCATTTGTCATGCCAATGTCATCCGCTACATCGTTTGCAGAGCTTTGCAGTTCCCACCTGAGGGCTGGCTTCGGATGTCCCTGAACAACGGCAGCATTACTTACCTGGTGATTCACCCGAATGGACGGGTGGCACTGCGAGTACTTGGGGAGACTGGGTTCATGCCTCCTGAGAAAATCACCCGCACG	1	1
675	97.926	Salamandra_bernardezi	second	CGTGAGCCGATGTCACTAATCAACCTCCGGAAGAGAAATGAGGAAACTGGAGAGGAGGAGCTGGCATCCAAACTCTACAAGCACAAGGCCAAAGCAACCAGACATAAATTCCTCATCCGTCACTCCCAGTACAACCTAGATGGGCGTGCTGATACAGACCGGACGCTAACACTGCTAGGTCGTGAGCAGGCTGAAATGACGGGCCAAAGACTGGCCAGTTTGGGGTTTAAATATGACCAGATAGTTCACTCTTCTATGACTAGAGCAGCAGAGACTACGGAGATAATCGGAAAGTACCTGCCTGGGGTGAAGAAAACCAGCACGGACCTGCTGAGAGAGGGTGCCCCAATCCCACCAGACCCCCCTAGTTCTCACTAGAAGCCAGACGCTGTGNNNTACTACGACCACGGTGCCCGTATTGAAGCTGCATTTCGACGCTTCATTCACAGAGCAGACGCCAAGCAGTAGAAGGATAGCTATGAGGTATTCATTTGTCATGCCAATGTCATCCGCTACATCGTTTGCAGAGCTTTGCAGTTCCCACCTGAGGGCTGGCTTCGGATGTCCCTGAACAACGGCAGCATTACTTACCTGGTGATTCACCCGAATGGACGGGTGGCACTGCGAGTACTTGGGGAGACTGGGTTCATGCCTCCTGAGAAAATCACCCGCACG	1	1
675	99.407	Salamandra_longirostris	matching_sequence_from_database	CGTGAGCCGCTGTCACTAATCAACCTCCGGAAGAGAAATGAGGAAACTGGAGAGGAGGAGCTGGCATCCAAACTCAACAAGCACAAGGCCAAAGCAACCAGACATATTTTCCTCATCCGTCACTCCCAGTACAACCTAGATGGGCGTGCTGATACAGACCGGACGCTAACACTGCTAGGTCGTGAGCAGGCTGAAATGACGGGCCAAAGACTGGCCAGTTTGGGGTTTAAATATGACCAGATAGTTCACTCTTCTATGACTAGAGCAGCAGAGACTACGGAGATAATCGGAAAGTACCTGCCTGGGGTGAAGAAAACCAGCACGGACCTGCTGAGAGAGGGTGCCCCAATCCCACCAGACCCCCCTATTTCTCACTGGAAGCCAGACGCTGTGNNNTACTACGAGGACGGTGCCCGTATTGAAGCTGCATTTCGACGCTTCATTCACAGAGCAGACGCCAAGCAGGAGAAGGATAGCTATGAGGTCTTCATTTGTCATGCCAATGTCATCCGCTACATCGTTTGCAGAGCTTTGCAGTTCCCACCTGAGGGCTGGCTTCGGATGTCCCTGAACAACGGCAGCATTACTTACCTGGTGATTCACCCGAATGGACGGGTGGCACTGCGAGTACTTGGGGAGACTGGGTTCATGCCTCCTGAGAAAATCACCCGCACG	1	1
675	97.926	Salamandra_longirostris	second	CGTGAGCCGATGTCACTAATCAACCTCCGGAAGAGAAATGAGGAAACTGGAGAGGAGGAGCTGGCATCCAAACTCTACAAGCACAAGGCCAAAGCAACCAGACATAAATTCCTCATCCGTCACTCCCAGTACAACCTAGATGGGCGTGCTGATACAGACCGGACGCTAACACTGCTAGGTCGTGAGCAGGCTGAAATGACGGGCCAAAGACTGGCCAGTTTGGGGTTTAAATATGACCAGATAGTTCACTCTTCTATGACTAGAGCAGCAGAGACTACGGAGATAATCGGAAAGTACCTGCCTGGGGTGAAGAAAACCAGCACGGACCTGCTGAGAGAGGGTGCCCCAATCCCACCAGACCCCCCTAGTTCTCACTAGAAGCCAGACGCTGTGNNNTACTACGACCACGGTGCCCGTATTGAAGCTGCATTTCGACGCTTCATTCACAGAGCAGACGCCAAGCAGTAGAAGGATAGCTATGAGGTATTCATTTGTCATGCCAATGTCATCCGCTACATCGTTTGCAGAGCTTTGCAGTTCCCACCTGAGGGCTGGCTTCGGATGTCCCTGAACAACGGCAGCATTACTTACCTGGTGATTCACCCGAATGGACGGGTGGCACTGCGAGTACTTGGGGAGACTGGGTTCATGCCTCCTGAGAAAATCACCCGCACG	1	1
