>FG_MV_2002_415_ZMA_19421_BBB
GCAGCTGAATTTTACAGAATATTTCAGCTAGAAATAGGAGAGGTCTACAGAAATTCCAATGCGACCAAAGAAGAGCGGAAGAAATGGCAAACTATACTTGACAGACACATCAGAAAGAAGCTAAATCTAAAACCCATCATGAGAATGAATGGAAACTTTGCCCGGAAACTCATGACCAAGGAGACAGTAGAAGCAGTGTGCGAATTAGTGCAATGTGAAGAGAGACAAGGAGCGCTTAAAGAACTAATGGACTTGTACCTTAAAATGAAGCCAGTATGGCGTTCTTCATGCCCAGCCAAAGAATGCCCAGAGTTACTCTGCCAATATAGTTATCACTCTCAACGTTTTGCAGAACTTTTGTCCACAAAGTTCAAGTACAGATATGACGGCAAGATTACCAACTACTTTCACAAAACCCTTGCCCACGTTCCAGAGATCATTGAACGCGACGGTTCCATCGGAGCTTGGGCCAGTG
>FG_MV_2002_530_UADBA_20646
GCAGCTGAATTTTACAGAATATTTCAGCTAGAAATAGGAGAGGTCTACAGAAATTCCAATGCGACCAAAGAAGAGCGGAAGAAATGGCAAACTATACTTGACAGACACATCAGrAAGAAGCTAAATCTAAAACCCATCATGAGAATGAATGGAAACTTTGCCCGGAAACTCATGACCAAGGAGACAGTAGAAGCAGTGTGCGAATTAGTGCAATGTGAAGAGAGACAAGGAGCGCTTAAAGAACTAATGGACTTGTACCTTAAAATGAAGCCAGTATGGCGTTCTTCATGCCCAGCCAAAGAATGCCCAGAGTTACTCTGCCAATATAGTTATCACTCTCAACGTTTTGCAGAACTTTTGTCCACAAAGTTCAAGTACAGATATGACGGCAAGATTACCAACTACTTTCACAAAACCCTTGCCCACGTTCCAGAGATCATTGAACGCGACGGTTCCATCGGAGCTTGGGCCAGTG
>FGZC_1397_uadba_BBB
GCAGCTGAATTTTACAGAATATTTCAGCTAGAAATAGGAGAGGTCTACAGAAATCCCACTGCGACCAAAGAAGAGCGAAAGAAATGGCAAACTATACTTGACAAACACATCAGAAAGAAGCTAAATCTAAAACCCATCATGAGAATGAATGGAAACTTTGCCCGGAAACTCATGACCAAGGAGACAGTAGAAGCAGTGTGTGAATTAGTGCAATGTGAAGAGAGACAAGGGGCGCTTAAAGAACTAATGGACTTGTACCTTAAAATGAAGCCAGTATGGCGTTCTTCATGCCCAGCCAAAGAATGCCCAGAGTTACTCTGCCAATATAGTTATCACTCTCAACGTTTTGCAGAACTTTTGTCCACAAAGTTCAAGTACAGATATGACGGCAAGATTACCAACTACTTTCACAAAACCCTTGCCCACGTTCCAGAGATCATTGAACGCGACGGTTCCATTGGAGCTTGGGCCAGTG

>mala_db_FGMV2002_531_pident_100.000
AAEFYRIFQLEIGEVYRNSNATKEERKKWQTILDRHIRKKLNLKPIMRMNGNFARKLMTKETVEAVCELVQCEERQGALKELMDLYLKMKPVWRSSCPAKECPELLCQYSYHSQRFAELLSTKFKYRYDGKITNYFHKTLAHVPEIIERDGSIGAWAS
