529	56.900	sequence1	pdb|6GIQ|a	QRWLYSTNAKDIAVLYFMLAIFSGMAGTAMSLIIRLELAAPGSQYLHGNSQLFNVLVVGHAVLMIFFLVMPALIGGFGNYLLPLMIGATDTAFPRINNIAFWVLPMGLVCLVTSTLVESGAGTGWTVYPPLSSIQAHSGPSVDLAIFALHLTSISSLLGAINFIVTTLNMRTNGMTMHKLPLFVWSIFITAFLLLLSLPVLSAGITMLLLDRNFNTSFFEVSGGGDPILYEHLFWFFGHPEVYILIIPGFGIISHVVSTYS-KKPVFGEISMVYAMASIGLLGFLVWSHHMYIVGLDADTRAYFTSATMIIAIPTGIKIFSWLATIHGGSIRLATPMLYAIAFLFLFTMGGLTGVALANASLDVAFHDTYYVVGHFHYVLSMGAIFSLFAGYYYWSPQILGLNYNEKLAQIQFWLIFIGANVIFFPMHFLGINGMPRRIPDYPDAFAGWNYVASIGSFIATLSLFLFIYILYDQLVNGLNNKVNNKSVIYNKAPDFVESNTIFNLNTVKSSSIEFLLTSPPAVHSFNTP	1	1
530	52.642	sequence1	pdb|1AR1|A	FFTRWFMSTNHKDIGILYLFTAGIVGLISVCFTVYMRMELQHPGVQYMCLEGARLIADASAECTPNGHLWNVMITYHGVLMMFFVVIPALFGGFGNYFMPLHIGAPDMAFPRLNNLSYWMYVCGVALGVASLLAPGGNDQMGSGVGWVLYPPLST--TEAGYSMDLAIFAVHVSGASSILGAINIITTFLNMRAPGMTLFKVPLFAWSVFITAWLILLSLPVLAGAITMLLMDRNFGTQFFDPAGGGDPVLYQHILWFFGHPEVYIIILPGFGIISHVISTFA-KKPIFGYLPMVLAMAAIGILGFVVWAHHMYTAGMSLTQQAYFMLATMTIAVPTGIKVFSWIATMWGGSIEFKTPMLWAFGFLFLFTVGGVTGVVLSQAPLDRVYHDTYYVVAHFHYVMSLGAVFGIFAGVYYWIGKMSGRQYPEWAGQLHFWMMFIGSNLIFFPQHFLGRQGMPRRYIDYPVEFAYWNNISSIGAYISFASFLFFIGIVFYTLFAGKRVNVPNYWNEHADTLEWTLPSPPPEHTFE	1	1
530	52.453	sequence1	pdb|3EHB|A	FFTRWFMSTNHKDIGILYLFTAGIVGLISVCFTVYMRMELQHPGVQYMCLEGARLIADASAECTPNGHLWNVMITYHGVLMMFFVVIPALFGGFGNYFMPLHIGAPDMAFPRLDNLSYWMYVCGVALGVASLLAPGGNDQMGSGVGWVLYPPLST--TEAGYSMDLAIFAVHVSGASSILGAINIITTFLNMRAPGMTLFKVPLFAWSVFITAWLILLSLPVLAGAITMLLMDRNFGTQFFDPAGGGDPVLYQHILWFFGHPEVYIIILPGFGIISHVISTFA-KKPIFGYLPMVLAMAAIGILGFVVWAHHMYTAGMSLTQQAYFMLATMTIAVPTGIKVFSWIATMWGGSIEFKTPMLWAFGFLFLFTVGGVTGVVLSQAPLDRVYHDTYYVVAHFHYVMSLGAVFGIFAGVYYWIGKMSGRQYPEWAGQLHFWMMFIGSNLIFFPQHFLGRQGMPRRYIDYPVEFAYWNNISSIGAYISFASFLFFIGIVFYTLFAGKRVNVPNYWNEHADTLEWTLPSPPPEHTFE	1	1
536	51.493	sequence1	pdb|6CI0|A	RWFMSTNHKDIGVLYLFTGGLVGLISVAFTVYMRMELMAPGVQFMCAEHLESGLVKGFFQSLWPSAVENCTPNGHLWNVMITGHGILMMFFVVIPALFGGFGNYFMPLHIGAPDMAFPRMNNLSYWLYVAGTSLAVASLFAPGGNGQLGSGIGWVLYPPLST--SESGYSTDLAIFAVHLSGASSILGAINMITTFLNMRAPGMTMHKVPLFAWSIFVTAWLILLALPVLAGAITMLLTDRNFGTTFFQPSGGGDPVLYQHILWFFGHPEVYIIVLPAFGIVSHVIATFA-KKPIFGYLPMVYAMVAIGVLGFVVWAHHMYTAGLSLTQQSYFMMATMVIAVPTGIKIFSWIATMWGGSIELKTPMLWALGFLFLFTVGGVTGIVLSQASVDRYYHDTYYVVAHFHYVMSLGAVFGIFAGIYFWIGKMSGRQYPEWAGKLHFWMMFVGANLTFFPQHFLGRQGMPRRYIDYPEAFATWNFVSSLGAFLSFASFLFFLGVIFYTLTRGARVTANNYWNEHADTLEWTLTSPPPEHTF	1	1
536	51.306	sequence1	pdb|3OMI|A	RWFMSTNHKDIGVLYLFTGGLVGLISVAFTVYMRMELMAPGVQFMCAEHLESGLVKGFFQSLWPSAVENCTPNGHLWNVMITGHGILMMFFVVIPALFGGFGNYFMPLHIGAPAMAFPRMNNLSYWLYVAGTSLAVASLFAPGGNGQLGSGIGWVLYPPLST--SESGYSTDLAIFAVHLSGASSILGAINMITTFLNMRAPGMTMHKVPLFAWSIFVTAWLILLALPVLAGAITMLLTDRNFGTTFFQPSGGGDPVLYQHILWFFGHPEVYIIVLPAFGIVSHVIATFA-KKPIFGYLPMVYAMVAIGVLGFVVWAHHMYTAGLSLTQQSYFMMATMVIAVPTGIKIFSWIATMWGGSIELKTPMLWALGFLFLFTVGGVTGIVLSQASVDRYYHDTYYVVAHFHYVMSLGAVFGIFAGIYFWIGKMSGRQYPEWAGKLHFWMMFVGANLTFFPQHFLGRQGMPRRYIDYPEAFATWNFVSSLGAFLSFASFLFFLGVIFYTLTRGARVTANNYWNEHADTLEWTLTSPPPEHTF	1	1
416	26.683	sequence1	pdb|4GP8|A	LVVAALPLLANEATVLWTFYPPLKGHWAFYLGASVF----------VLSTWVSIYIVLDLWRRWKAANPGKVTPLVTYMAVVFWLMWFLASLGLVLEAVLFLLPWS------FGLVEGVDPLVARTLFWWFGHPIVYFWLLPAYAIIYTILPKQAGGKLVSDPMARLAFLLFLLLSTPVGF----HHQFADPGIDPTWKMIHSVLTLFVAVPSLMTAFTVAASLEFAGRLRGGRGLFGWIRALPWDNPAFVAPVLGLLGFI----PGGAGGIVNASFTLDYVVHNTAWVPGHFHLQVASLVTLTAMGSLYWLLPNLTGKPISDAQRRLGLAVVWLWFLGMMIMAVGLHWAGLLNVPRRAYIAQVPDAYPHAAVPMVFNVLAGI---VLLVALLLFIYGLFSVLLSRERKPELAEAP	1	1
299	27.425	sequence1	pdb|4GP4|A	GVDPLVARTLFWWTGHPIVYFWLLPAYAIIYTILPKQAGGKLVSDPMARLAFLLFLLLSTPVGF----HHQFADPGIDPTWKMIHSVLTLFVAVPSLMTAFTVAASLEFAGRLRGGRGLFGWIRALPWDNPAFVAPVLGLLGFI----PGGAGGIVNASFTLDYVVHNTAWVPGHFHLQVASLVTLTAMGSLYWLLPNLTGKPISDAQRRLGLAVVWLWFLGMMIMAVGLHWAGLLNVPRRAYIAQVPDAYPHAAVPMVFNVLAGI---VLLVALLLFIYGLFSVLLSRERKPELAEAP	1	1
299	27.090	sequence1	pdb|4G72|A	GVDPLVARTLFWWTGHPIMYFWLLPAYAIIYTILPKQAGGKLVSDPMARLAFLLFLLLSTPVGF----HHQFADPGIDPTWKMIHSVLTLFVAVPSLMTAFTVAASLEFAGRLRGGRGLFGWIRALPWDNPAFVAPVLGLLGFI----PGGAGGIVNASFTLDYVVHNTAWVPGHFHLQVASLVTLTAMGSLYWLLPNLTGKPISDAQRRLGLAVVWLWFLGMMIMAVGLHWAGLLNVPRRAYIAQVPDAYPHAAVPMVFNVLAGI---VLLVALLLFIYGLFSVLLSRERKPELAEAP	1	1
299	27.090	sequence1	pdb|4G7R|A	GVDPLVARTLFWWTGHPIAYFWLLPAYAIIYTILPKQAGGKLVSDPMARLAFLLFLLLSTPVGF----HHQFADPGIDPTWKMIHSVLTLFVAVPSLMTAFTVAASLEFAGRLRGGRGLFGWIRALPWDNPAFVAPVLGLLGFI----PGGAGGIVNASFTLDYVVHNTAWVPGHFHLQVASLVTLTAMGSLYWLLPNLTGKPISDAQRRLGLAVVWLWFLGMMIMAVGLHWAGLLNVPRRAYIAQVPDAYPHAAVPMVFNVLAGI---VLLVALLLFIYGLFSVLLSRERKPELAEAP	1	1
299	27.090	sequence1	pdb|4G70|A	GVDPLVARTLFWWTGHPITYFWLLPAYAIIYTILPKQAGGKLVSDPMARLAFLLFLLLSTPVGF----HHQFADPGIDPTWKMIHSVLTLFVAVPSLMTAFTVAASLEFAGRLRGGRGLFGWIRALPWDNPAFVAPVLGLLGFI----PGGAGGIVNASFTLDYVVHNTAWVPGHFHLQVASLVTLTAMGSLYWLLPNLTGKPISDAQRRLGLAVVWLWFLGMMIMAVGLHWAGLLNVPRRAYIAQVPDAYPHAAVPMVFNVLAGI---VLLVALLLFIYGLFSVLLSRERKPELAEAP	1	1
292	99.315	sequence2	pdb|5FUU|A	SCDTSVITQACPKISFEPIPIHYCAPAGFAILKCNDKTFNGKGPCKNVSTVQCTHGIRPVVSTQLLLNGSLAEEEVVIRSDNFTNNAKTIIVQLKESVEINCTRPNNNTRKSIHIGPGRAFYTTGEIIGDIRQAHCNISRAKWNDTLKQIVIKLREQFENKTIVFNHSSGGDPEIVMHSFNCGGEFFYCNSTQLFNSTWNNNTEGSNNTEGNTITLPCRIKQIINMWQEVGKAMYAPPIRGQIRCSSNITGLLLTRDGGINENGTEIFRPGGGDMRDNWRSELYKYKVVKIE	1	1
45	97.778	sequence2	pdb|5FUU|A	EVVLENVTEHFNMWKNNMVEQMQEDIISLWDQSLKPCVKLTPLCV	1	1
334	84.132	sequence2	pdb|3HI1|G	TENFNMWKNNMVEQMHEDIISLWDQSLKPCVKLT---------GGSVITQACPKVSFEPIPIHYCAPAGFAILKCNDKKFNGTGPCTNVSTVQCTHGIRPVVSTQLLLNGSLAEEEIVIRSENFTNNAKTIIVQLNESVVINCTRPNNNTRKSINIGPGRALYTTGEIIGDIRQAHCNLSKTQWENTLEQIAIKLKEQFGNNKTIIFNPSSGGDPEIVTHSFNCGGEFFYCNSTQLF--TW-NDTRKLNNT-GRNITLPCRIKQIINMWQEVGKAMYAPPIRGQIRCSSNITGLLLTRDGGKDTNGTEIFRPGGGDMRDNWRSELYKYKVVKIE	1	1
342	81.287	sequence2	pdb|4R4H|A	EVVLGNVTENFNMWKNNMVDQMHEDIISLWDESLKPCVKLT---------GGSVITQACPKVSFQPIPIHYCVPAGFAILKCNNKTFNGSGPCTNVSTVQCTHGIRPVVSTQLLLNGSLAEEDIVIRSEDFTDNVKTIIVQLNESVVINCTRPNNNTRERLSIGPGRAFYARRNIIGDIRQAHCNISRAKWNNTLQQIVIKLREKFRNKTIAFNQSSGGDPEIVMHSFNCGGEFFYCNTAQLFNSTW-NVAGGTNGTEGNDIITLQCRIKQIINMWQKVGKAMYAPPITGQIRCSSNITGLLLTRDGGNSTETETEIFRPGGGDMRDNWRSELYKYKVVRIE	1	1
345	80.290	sequence2	pdb|2NXZ|A	EVVLVNVTENFNMWKNDMVEQMHEDIISLWDQSLKPCVKLTPLCVGAGSCNTSVITQACPKVSFEPIPIHYCAPAGFAILKCNNKTFNGTGPCTNVSTVQCTHGIRPVVSSQLLLNGSLAEEEVVIRSVNFTDNAKTIIVQLNTSVEINCT------------GAG----------------HCNIARAKWNNTLKQIASKLREQFGNNKTIIFKQSSGGDPEIVTHWFNCGGEFFYCNSTQLFNSTWFNSTWSTEGSNNTEGSDTITLPCRIKQIINMWQKVGKAMYAPPISGQIRCSSNITGLLLTRDGGNSNNESEIFRPGGGDMRDNWRSELYKYKVVKIE	1	1
345	79.710	sequence2	pdb|2NY4|A	EVVLVNVTENFNMWKNDMVEQMHEDIISLWDQSLKPCVKLTPLCVGAGSCNTSVITQACPKVSFEPIPIHYCAPAGFAILKCNNCTFNGTGPCTNVSTVQCTHGIRPVVSSQLLLNGSLAECEVVIRSVNFTDNAKTIIVQLNTSVEINCT------------GAG----------------HCNIARAKWNNTLKQIASKLREQFGNNKTIIFKQSSGGDPEIVTHWFNCGGEFFYCNSTQLFNSTWFNSTWSTEGSNNTEGSDTITLPCRIKQIINMWQKVGKAMYAPPISGQIRCSSNITGLLLTRDGGNSNNESEIFRPGGGDMRDNWRSELYKYKVVKIE	1	1
293	88.396	sequence2	pdb|6OLP|A	SCNTSVITQACPKVSFEPIPIHYCAPAGFAILKCNDKKFNGTGPCTNVSTVQCTHGIRPVVSTQLLLNGSLAEEEVVIRSANFTDNAKIIIVQLNKSVEINCTRPNNNTRKSIHIGPGRAFYTTGEIIGDIRQAHCNISGTKWNDTLKQIVVKLKEQFGNKTIVFNHSSGGDPEIVMHSFNCGGEFFYCNSTQLFNSTWNDTT-GSNYT--GTIVLPCRIKQIVNMWQEVGKAMYAPPIKGQIRCSSNITGLILIRDGGKNRSENTEIFRPGGGDMRDNWRSELYKYKVVKIE	1	1
51	84.314	sequence2	pdb|6OLP|A	EVVLENVTENFNMWKNNMVEQMHEDIISLWDQSLKPCVKLTPLCVTLNCTD	1	1
345	78.551	sequence2	pdb|2NY6|A	EVVLVNVTENFNWCKNDMVEQMHEDICSLWDQSLKPCVKLCPLCVGAGSCNTSVITQACPKVSFEPIPIHYCAPAGFAILKCNNKTFNGTGPCTNVSTVQCTHGIRPVVSSQLLLNGSLAEEEVVIRSCNFTDNAKTIIVQLNTSVEINCT------------GAG----------------HCNIARAKWNNTLKQIASKLREQFGNNKTIIFKQSSGGDPEIVTHWFNCGGEFFYCNSTQLFNSTWFNSTWSTEGSNNTEGSDTITLPCRIKQIINMWCKVCKAMYAPPISGQIRCSSNITGLLLTRDGGNSNNESEIFRPGGGDMRDNWRSELYKYKVVKIE	1	1
341	78.592	sequence2	pdb|3TGQ|A	EVKLENVTENFNMWKNNMVEQMHEDIISLWDQSLKPCVKLT---------GGSVITQACPKVSFEPIPIHYCAPAGFAILKCNDKKFNGTGPCTNVSTVQCTHGIRPVVSTQLLLNGSLAEEEIVIRSENFTNNAKTIIVQLNESVVINCTRPNNGGSGSGG---------------DIRQAHCNLSKTQWENTLEQIAIKLKEQFGNNKTIIFNPSSGGDPEIVTHSFNCGGEFFYCNSTQLF--TW-NDTRKLNNT-GRNITLPCRIKQIINMWQEVGKAMYAPPIRGQIRCSSNITGLLLTRDGGKDTNGTEIFRPGGGDMRDNWRSELYKYKVVKIE	1	1
401	62.095	sequence2	pdb|6VY2|A	EMVLKNVTENFNMWKNDMVDQMHEDVISLWDQSLKPCVKLTPLCVTLN--CTNATASNSSIIEGMKNCSFNITTELRDKREKKNALFYKLDIVQLDGNSSQYRLINCNTSVITQACPKVSFDPIPIHYCAPAGYAILKCNNKTFTGTGPCNNVSTVQCTHGIKPVVSTQLLLNGSLAEGEIIIRSENITNNVKTIIVHLNESVKIECTRPNNKTRTSIRIGPGQWFYATGQVIGDIREAYCNINESKWNETLQRVSKKLKEYFPHKNITFQPSSGGDLEITTHSFNCGGEFFYCNTSSLFNRTYMANSTDMANSTETNSTRTITIHCRIKQIINMWQEVGRAMYAPPIAGNITCISNITGLLLTRDGG--KNNTETFRPGGGNMKDNWRSELYKYKVVKIE	1	1
340	70.882	sequence2	pdb|5TE7|G	EIVLKNVTENFNMWKNDMVDQMHEDIISLWDQSLKPCVKLT---------GGSAVTQACPKVSFDPIPIHYCAPAGYAILKCNNKTFNGTGPCNNVSTVQCTHGIKPVVSTQLLLNGSLAEEEVVIRFENLTNNAKIIIVHLNESVEINCTRPSNGGSGS---------------GGDIRQAHCNISRKKWNTTLQRVKEKLKEKFPNKTIQFAPSSGGDLEITTHSFNCRGEFFYCYTSDLFNSTY-----MSNNTGGANITLQCRIKQIIRMWQGVGQAMYAPPIAGNITCKSNITGLLLTRDGGKEKNDTETFRPGGGDMRDNWRSELYKYKVVEIK	1	1
352	67.898	sequence2	pdb|3LQA|G	EIVLENVIENFNMWKNDMVDQMHQDIISLWDQSLKPCVKLTPLCVGAGNCNTSTIAQACPKVSFDPIPIHYCAPAGYAILKCNDKTFNGIGPCNNVSTVQCTHGIKPVVSTQLLLNGSLAEEEVVIRSENISNNVKTIIVHLTESVNITC------------IGAG----------------HCNINEKAWNETLKKVVEKLVKYFPNKTIEFAPPVGGDLEITTHSFNCGGEFFYCNTTKLFNSIHNSTDSTVNSTDSTAETGNSTNTNITLPCRIRQIINMWQEVGRAMYAPPSKGNITCISDITGLLLTRDGGENKTENNDTEIFRPGGGDMKDNWRSELYKYKVVEIK	1	1
340	67.941	sequence2	pdb|6L1Y|A	EMVLENVTENFNMWKNDMVNQMQEDVISLWDQSLKPCVKLT---------GGSAITQACPKVTFDPIPIHYCTPAGYAILKCNDKIFNGTGPCHNVSTVQCTHGIKPVVSTQLLLNGSLAEGEIIIRSENLTNNVKTIIVHLNQSVEIVCTRPGNG--------------------GDIRQAHCNISEDKWNETLQRVSKKLAEHFQNKTIKFASSSGGDLEVTTHSFNCRGEFFYCNTSGLFNGAYTPNGTKSNSS--SIITIPCRIKQIINMWQEVGRAMYAPPIKGNITCKSNITGLLLVRDGGTEPNDTETFRPGGGDMRNNWRSELYKYKVVEIK	1	1
296	76.014	sequence2	pdb|5WDU|F	NCNTSAITQACPKVSFEPIPIHYCAPAGFAILKCKDKKFNGTGPCPSVSTVQCTHGIKPVVSTQLLLNGSLAEEEVMIRSENITNNAKNILVQFNTPVQINCTRPNNNTRKSIRIGPGQAFYATGDIIGDIRQAHCNVSKATWNETLGKVVKQLRKHFGNNTIIRFANSSGGDLEVTTHSFNCGGEFFYCNTSGLFNSTWISNTSVQGSNSTGSNDSITLPCRIKQIINMWQRIGQAMYAPPIQGVIRCVSNITGLILTRDGGANNTSTETFRPGGGDMRDNWRSELYKYKVVKIE	1	1
45	86.667	sequence2	pdb|5WDU|F	EIHLENVTEEFNMWKNNMVEQMHTDIISLWDQSLKPCVKLTPLCV	1	1
296	75.676	sequence2	pdb|6CH7|G	NCNTSAITQACPKVSFEPIPIHYCAPAGFAILKCKDKKFNGTGPCPSVSTVQCTHGIKPVVSTQLLLNGSLAEEEVMIRSENITNNAKNILVQFNTPVQINCTRPNNNTRKSIRIGPGQAFYATGDIIGDIRQAHCNVSKATWNETLGKVVKQLRKHFGNNTIIRFANSSGGDLEVTTHSFNCGGEFFYCNTSGLFNSTWISNTSVQGSNSTGSNDSITLPCRIKQIINMWQRIGQAMYAPPIQGVIRCVSNITGLILTRDGGSTNSTTETFRPGGGDMRDNWRSELYKYKVVKIE	1	1
45	86.667	sequence2	pdb|6CH7|G	EIHLENVTEEFNMWKNNMVEQMHTDIISLWDQSLKPCVKLTPLCV	1	1
296	75.676	sequence2	pdb|6CH8|G	NCNTSAITQACPKVSFEPIPIHYCAPAGFAILKCKDKKFNGTGPCPSVSTVQCTHGIKPVVSTQLLLNGSLAEEEVMIRSENITNNAKNILVQFNTPVQINCTRPNNNTRKSIRIGPGQAFYATGDIIGDIRQAHCNVSKATWNETLGKVVKQLRKHFGNNTIIRFANSSGGDLEVTTHSFNCGGEFFYCNTSGLFNSTWISNTSVQGSNSTGSNDSITLPCRIKQIINMWQRIGQAMYAPPIQGVIRCVSNITGLILTRDGGSTNSTTETFRPGGGDMRDNWRSELYKYKVVKIE	1	1
45	86.667	sequence2	pdb|6CH8|G	EIHLENVTEEFNMWKNNMVEQMHTDIISLWDQSLKPCVKLTPLCV	1	1
340	67.353	sequence2	pdb|4JAN|G	EMALGNVTENFNMWKNDMVDQMHEDIISLWDQSLKPCVKLT---------GGSTVTQACPKVSFDPIPIHYCAPAGYAILKCNNETFEGTGPCNNVSTVQCTHGIKPVVSTQLLLNGSLAKEEIVIRSENLTDNAKTIIVHLKESVEIVCTRPGNGGSGSG---------------GDTRQAHCNISEEKWNKTLQKVSKILQEHFPNKAIKFEPHSGGDLEITTHSFNCRGEFFYCNTTKLFNGTYNSTANSTGSVSNTTITLPCRIKQIVNMWQGVGRAMYAPPIKGNITCKSIITGLLLTRDGGNDDNDTETFRPGGGDMRDNWRSELYKYKVVEIK	1	1
296	75.676	sequence2	pdb|5CJX|G	NCNTSAITQACPKVSFEPIPIHYCAPAGFAILKCKDKKFNGTGPCPSVSTVQCTHGIKPVVSTQLLLNGSLAEEEVMIRSENITNNAKNILVQFNTPVQINCTRPNNNTRKSIRIGPGQAFYATGDIIGDIRQAHCNVSKATWNETLGKVVKQLRKHFGNNTIIRFANSSGGDLEVTTHSFNCGGEFFYCNTSGLFNSTWISNTSVQGSNSTGSNDSITLPCRIKQIINMWQRIGQAMYAPPIQGVIRCVSNITGLILTRDGGSTNSTTETFRPGGGDMRDNWRSELYKYKVVKIE	1	1
45	86.667	sequence2	pdb|5CJX|G	EIHLENVTEEFNMWKNNMVEQMHTDIISLWDQSLKPCVKLTPLCV	1	1
296	75.676	sequence2	pdb|4TVP|G	NCNTSAITQACPKVSFEPIPIHYCAPAGFAILKCKDKKFNGTGPCPSVSTVQCTHGIKPVVSTQLLLNGSLAEEEVMIRSENITNNAKNILVQFNTPVQINCTRPNNNTRKSIRIGPGQAFYATGDIIGDIRQAHCNVSKATWNETLGKVVKQLRKHFGNNTIIRFANSSGGDLEVTTHSFNCGGEFFYCNTSGLFNSTWISNTSVQGSNSTGSNDSITLPCRIKQIINMWQRIGQAMYAPPIQGVIRCVSNITGLILTRDGGSTNSTTETFRPGGGDMRDNWRSELYKYKVVKIE	1	1
45	86.667	sequence2	pdb|4TVP|G	EIHLENVTEEFNMWKNNMVEQMHTDIISLWDQSLKPCVKLTPLCV	1	1
296	75.000	sequence2	pdb|6V8X|A	NCNTSAITQVCPKLSFEPIPIHYCAPAGFAILKCKDKKFNGTGPCPSVSTVQCTHGIKPVLSTQLLLNGSLAEEEVMIRSENITNNAKNILVQFNTPVQINCTRPNNNTRKSIRIGPGQAFYATGDIIGDIRQAHCNVSKATWNETLGKVVKQLRKHFGNNTIIRFANSSGGDLEVTTHSFNCGGEFFYCNTSGLFNSTWISNTSVQGSNSTGSNDSITLPCRIKQIINMWQRIGQAMYAPPIQGVIRCVSNITGLILTRDGGSTNSTTETFRPGGGDMRDNWRSELYKYKVVKIE	1	1
45	86.667	sequence2	pdb|6V8X|A	EIHLENVTEEFNMWKNNMVEQMHTDIISLWDQSLKPCVKLTPLCV	1	1
295	75.932	sequence2	pdb|6B0N|G	CNTSAITQACPKVSFEPIPIHYCAPAGFAILKCKDKKFNGTGPCPSVSTVQCTHGIKPVVSTQLLLNGSLAEEEVMIRSENITNNAKNILVQFNTPVQINCTRPNNNTRKSIRIGPGQAFYATGDIIGDIRQAHCNVSKATWNETLGKVVKQLRKHFGNNTIIRFANSSGGDLEVTTHSFNCGGEFFYCNTSGLFNSTWISNTSVQGSNSTGSNDSITLPCRIKQIINMWQRIGQAMYAPPIQGVIRCVSNITGLILTRDGGSTNSTTETFRPGGGDMRDNWRSELYKYKVVKIE	1	1
45	86.667	sequence2	pdb|6B0N|G	EIHLENVTEEFNMWKNNMVEQMHTDIISLWDQSLKPCVKLTPLCV	1	1
342	67.836	sequence2	pdb|6ONE|A	EIHLENVTENFNMWKNNMVEQMHEDIISLWDQSLQPCVKLT---------GGSVIKQACPKISFDPIPIHYCTPAGYVILKCNDKNFNGTGPCKNVSSVQCTHGIKPVVSTQLLLNGSLAEEEIIIRSENLTNNAKTIIVHLNKSVEINCTRPSNGGSGSGG---------------DIRKAYCEINGTKWNKVLKQVTEKLKEHFNNKTIIFQPPSGGDLEITMHTFNCRGEFFYCNTTQLFNNTCIGNETMKGCN----GTITLPCKIKQIINMWQGTGQAMYAPPIDGKINCVSNITGILLTRDGGANNTSNETFRPGGGDMRDNWRSELYKYKVVQIE	1	1
296	75.000	sequence2	pdb|6CDE|2	NCNTSACTQACPKVSFEPIPIHYCAPAGFAILKCKDKKFNGTGPCPSVSTVQCTHGIKPVVSTQLLLNGSLAEEEVMIRSENITNNAKNILVQFNTPVQINCTRPNNNTRKSIRIGPGQAFYATGDIIGDIRQAHCNVSKATWNETLGKVVKQLRKHFGNNTIIRFANSSGGDLEVTTHSFNCGGEFFYCNTSGLFNSTWISNTSVQGSNSTGSNDSITLPCRIKQIINMWQRIGQCMYAPPIQGVIRCVSNITGLILTRDGGSTNSTTETFRPGGGDMRDNWRSELYKYKVVKIE	1	1
45	86.667	sequence2	pdb|6CDE|2	EIHLENVTEEFNMWKNNMVEQMHTDIISLWDQSLKPCVKLTPLCV	1	1
296	75.000	sequence2	pdb|6OSY|2	NCNTSACTQACPKVSFEPIPIHYCAPAGFAILKCKDKKFNGTGPCPSVSTVQCTHGIKPVVSTQLLLNGSLAEEEVMIRSENITNNAKNILVQFNTPVQINCTRPNNNTRKSIRIGPGQAFYATGDIIGDIRQAHCNVSKATWNETLGKVVKQLRKHFGNNTIIRFANSSGGDLEVTTHSFNCGGEFFYCNTSGLFNSTWISNTSVQGSNSTGSNDSITLPCRIKQIINMWQRIGQCMYAPPIQGVIRCVSNITGLILTRDGGSTNSTTETFRPGGGDMRDNWRSELYKYKVVKIE	1	1
45	86.667	sequence2	pdb|6OSY|2	EIHLENVTEEFNMWKNNMVEQMHTDIISLWDQSLKPCVKLTPLCV	1	1
343	68.513	sequence2	pdb|3TGR|A	EMVLANVTENFNMWKNDMVEQMHEDIISLWDESLKPCVKLT---------GGSAITQACPKVSFDPIPLHYCAPAGFAILKCNNKTFNGTGPCRNVSTVQCTHGIKPVVSTQLLLNGSLAEEEIIIRSENLTNNAKTIIVHLNESVNIVCTRPNNGGSGS---------------GGNIRQAHCNINESKWNNTLQKVGEELAKHFPSKTIKFEPSSGGDLEITTHSFNCRGEFFYCNTSDLFNGTYRNGTYNHTGRSSNGTITLQCKIKQIINMWQEVGRAIYAPPIEGEITCNSNITGLLLLRDGGQSNETNDTETFRPGGGDMRDNWRSELYKYKVVEIK	1	1
345	67.536	sequence2	pdb|4LSS|G	EIHLENVTEEFNVWKNNMVEQMHTDIISLWDQSLKPCVKLT---------GGSAITQACPKVTFEPIPIHYCAPAGFAILKCKDEEFNGTGLCKNVSTVQCTHGIKPVVSTQLLLNGSLAEKEIRIKSENISDNAKTIIVQLTKPVLINCARPSNGGSGSGG---------------DIRQAYCVVNRTQWNDTLGQVAIQLRKHW-NTTIIFNEPSGGDLEITTHSFNCGGEFFYCNTSDLFNSTWNIEGTASINGTESNDNITLPCRIKQIINMWQRVGQAMYAPPIQGVIRCQSNITGILLTRDGGNTGNNSRTNETFRPGGGDMRDNWRSELYKYKVVKIE	1	1
300	72.667	sequence2	pdb|6CCB|C	SCNTSTMAQACPKITFEPIPIHYCAPAGFAILKCKDKGFNGTGSCKNVSTVQCTHGIKPVVTTQLLLNGSTAEEEIVIRSENITDNARTIIVQLTKPININCTRPGNNTRKSVRIGPGQTFYATGAIIGNIRQAHCNVSKTEWNDTLRQVAEQLSKHFPNATTITFANASGGDLEITTHSFNCGGEFFYCNTSKLFSSTWDNSTWG-NNTWGNSTGDNNETITLQCKIKQIINMWQQVGRAMYAPPIQGEIRCESNITGLLLTRDGGANSSTNETFRPGGGDMRDNWRSELYKYKVVKIE	1	1
341	67.155	sequence2	pdb|5F9O|G	EIHLENVTENFNMWKNNMVEQMQEDVISLWDQSLQPCVKLT---------GGSVIKQACPKISFDPIPIHYCTPAGYVILKCNDKNFNGTGPCKNVSSVQCTHGIKPVVSTQLLLNGSLAEEEIIIRSENLTNNAKTIIVHLNKSVEINCTRPSNGGSGS---------------GGDIRKAYCEINGTKWNKVLKQVTEKLKEHFNNKTIIFQPPSGGDLEITMHHFNCRGEFFYCNTTQLFNNTCIGNETMKGCN----GTITLPCKIKQIINMWQGTGQAMYAPPIDGKINCVSNITGILLTRDGGANNTSNETFRPGGGNIKDNWRSELYKYKVVQI	1	1
340	67.059	sequence2	pdb|5FEC|C	EVVLENVTENFNMWKNDMVDQMQEDVISIWDQCLKPCVKLT---------GGSTLTQACPKVTFDPIPIHYCAPAGYAILKCNQKTFNGKGPCNNVSTVQCTHGIKPVVSTQLLLNGSLAEEEIVIRSKNLRDNAKIIIVQLNKSVEIVCTRPNNGGSGSGG---------------DIRQAYCQISGRQWSEAVNQVKKKLKEHFPHKQISFQSSSGGDLEITTHSFNCGGEFFYCNTSGLFNDTISN----------ATIMLPCRIKQIINMWQEVGKAIYAPPIKGQITCKSDITGLLLLRDGGDTTDNTEIFRPSGGDMRDNWRSELYKYKVVEIK	1	1
340	67.353	sequence2	pdb|6P8M|C	EVVLENVTENFNMWKNDMVDQMQEDVISIWDQCLKPCVKLT---------NTSTLTQACPKVTFDPIPIHYCAPAGYAILKCNNKTFNGKGPCNNVSTVQCTHGIKPVVSTQLLLNGSLAEEEIVIRSKNLRDNAKIIIVQLNKSVEIVCTRPNNGGSGS---------------GGDIRQAYCNISGRNWSEAVNQVKKKLKEHFPHKNISFQSSSGGDLEITTHSFNCGGEFFYCNTSGLFNDTISN----------ATIMLPCRIKQIINMWQEVGKAIYAPPIKGNITCKSDITGLLLLRDGCDTTDNTEIFRPSGGDMRDNWRSELYKYKVVEIK	1	1
296	73.986	sequence2	pdb|6W03|G	NCNTSACTQACPKVSFEPIPIHYCAPAGFAILKCKDKKFNGTGPCPSVSTVQCTHGIKPVVSTQLLLNGSLAEEEVMIRSENITNNAKNILVQFNTPVQINCTRPNNMTRKSIRIGPGQAFYALGDIIGDIRQPHCNVSKATWNETLGKVVKQLRKHFGNNTIIRFANSSGGDLEVTTHSFNCGGEFFYCNTSGLFNSTWISNTSVQGSNSTGSNDSITLPCRIKQIINMWQRIGQCMYAPPIQGVIRCVSNITGLILTRDGGSTNSTTETFRPGGGDMRDNWRSELYKYKVVKIE	1	1
45	86.667	sequence2	pdb|6W03|G	EIHLENVTEEFNMWKNNMVEQMHTDIISLWDQSLKPCVKLTPLCV	1	1
295	75.593	sequence2	pdb|6P6F|A	CNTSAITQACPKVSFEPIPIHYCAPAGFAILKCKDKKFNGTGPCPSVSTVQCTHGIKPVVSTQLLLNGSLAEEEVMIRSENITNNAKNILVQFNTPVQINCTRPNNNTRKSIRIGPGQWFYATGDIIGDIRQAHCNVSKATWNETLGKVVKQLRKHFGNNTIIRFANSSGGDLEVTTHSFNCGGEFFYCNTSGLFNSTWISNTSVQGSNSTGSNDSITLPCRIKQIINMWQRIGQAMYAPPIQGVIRCVSNITGLILTRDGGSTNSTTETFRPGGGDMRDNWRSELYKYKVVKIE	1	1
45	86.667	sequence2	pdb|6P6F|A	EIHLENVTEEFNMWKNNMVEQMHTDIISLWDQSLKPCVKLTPLCV	1	1
342	66.082	sequence2	pdb|4P9H|G	EIHLEQVTENFNMWKNNMVEQMQEDVISLWDQCLQPCVKLT---------GGSVIKQACPKISFDPIPIHYCTPAGYVILKCNDKNFNGTGPCKNVSSVQCTHGIKPVVSTQLLLNGSLAEEEIIIRSENLTNNAKTIIVHLQKSVEINCTRPSNGGSGS---------------GGDIRKAYCEIQGTKWNKVLKQVTEKLKEHFNNKTIIFQPPSGGDLEITMHHFNCRGEFFYCNTTQLFQNTCIGNETMKGCN----GTITLPCKIKQIINMWQGTGQAMYAPPIDGKINCVSQITGILLTRDGGANNTSNETFRPGGGNIKDNWRSELYKYKVVQIE	1	1
292	73.973	sequence2	pdb|6ULC|A	NCNTSALTQACPKVTFEPIPIRYCAPAGYAILKCNDKEFNGTGLCKNVSTVQCTHGIRPVVSTQLLLNGSLAEGKVMIRSENITNNVKNIIVQLNETVTINCTRPNNNTRKSVRIGPGQTFYATGDIIGDIRQAHCNVSGSQWNRALHQVVGQLRE-YWNTTIIFKNSSGGDLEITTHSFNCGGEFFYCNTSGLFNSNWTHNDTASMK-PNDTITLPCRIKQIINMWQRVGQAIYAPPIQGVIRCESNITGLILTRDGGGNINESQIFRPGGGDMRDNWRSELYKYKVVRIE	1	1
45	82.222	sequence2	pdb|6ULC|A	EIYMENVTEEFNMWKNNMVEQMHTDIISLWDQSLKPCVQLTPLCV	1	1
345	66.087	sequence2	pdb|4LSR|G	EIHLENVTENFNMWKNNMVEQMQEDVISLWDQSLQPCVKLT---------GGSVIKQACPKISFDPIPIHYCTPAGYVILKCNDKNFNGTGPCKNVSSVQCTHGIKPVVSTQLLLNGSLAEEEIIIRSENISDNAKTIIVHLNKSVEINCTRPSNGGSGS---------------GGDIRKAYCEINGTKWNKVLKQVTEKLKEHFNNKTIIFQPPSGGDLEITMHHFNCRGEFFYCNTTQLFNNTCIGNETMKGCN----GTITLPCKIKQIINMWQGTGQAMYAPPIDGKINCVSNITGILLTRDGGNTGNNSRTNETFRPGGGNIKDNWRSELYKYKVVQIE	1	1
293	69.625	sequence2	pdb|5FYJ|G	CNVSTIKQACPKVTFDPIPIHYCAPAGFAILKCRDKKFNGTGPCKNVSTVQCTHGIKPVISTQLLLNGSLAEGDIMIRSENITDNAKTIIVQLKTAVNITCTRPSNNTRKSIRFGPGQAFYATDEIIGDIRQAHCNISKTEWEDMKRNVSDKLKALFNNKTIIFKSSSGGDLEITTHSFNCRGEFFYCNTSGLFNTS--GLFNNNSNDSSGNITLPCKIKQIVRMWQRVGQAMYAPPIAGNITCRSRITGLLLVRDGCKSNETNGTETFRPAGGDMRDNWRSELYKYKVVKIK	1	1
45	84.444	sequence2	pdb|5FYJ|G	EIPLKNVTENFNMWKNNMVEQMHEDIISLWDESLKPCVKLTPLCV	1	1
145	76.552	sequence2	pdb|3TYG|A	VVSTQLLLNGSLAEEEVVIRSVNFTDNAKSICVQLNTSVEINCTRPNNNTRP-------------GEIIGDIRQAHCNISRAKWNNTLKQIASKLREQFGNNKTIIFKQSSGGDPEIVTHSFNCGGEFFYCDSTQLFNSTWFNST	1	1
72	52.778	sequence2	pdb|3TYG|A	DTITLPCR---------------PAPPPH----CSSNITGLILTRDGGNSNNESEIFRPGGGDMRDIARCQI	1	1
111	75.676	sequence2	pdb|5FCU|G	EIHLENVTENFNMWKNNMVEQMQEDVISLWDQSLQPCVKLT---------GGSVIKQACPKISFDPIPIHYCTPAGYVILKCNDKNFNGTGPCKNVSSVQCTHGIKPVVSS	1	1
26	69.231	sequence2	pdb|5FCU|G	VVSSGGGNIKDNWRSELYKYKVVQIE	1	1
144	59.722	sequence2	pdb|4JPJ|A	VVSTQLFLNGSLAEEEVVIRSVDFRDNAKSICVQLDTSVEIDCT------------GAG----------------HCDISRAKWDNTLKQIASKLREQFGDRTIIFKQSSGGDPEFVTHSFNCGGEFFYCDSTQLFDSTWFDST	1	1
72	51.389	sequence2	pdb|4JPJ|A	DTITLPCR---------------PAPPPH----CSSNITGLILTRDGGVSNDETEIFRPSGGDMRDIARCQI	1	1
111	64.865	sequence2	pdb|4YBL|A	EIHLENVTENFNMWKNNMVEQMQEDVISLWDQCLQP--------------------GGAPKISFDPIPIHYCTPAGYVILKCNDKNFNGTGPCKNVSSVQCTHGIKPVVSS	1	1
26	69.231	sequence2	pdb|4YBL|A	VVSSGGGNIKDNWRSELYKYKVVQIE	1	1
35	97.143	sequence2	pdb|1CE4|A	CTRPNNNTRKSIHIGPGRAFYTTGEIIGDIRQAHC	1	1
35	94.286	sequence2	pdb|3DNL|A	TENFNMWKNDMVEQMHEDIISLWDQSLKPCVKLTP	1	1
19	100.000	sequence2	pdb|2ESX|A	TRKSIHIGPGRAFYTTGEI	1	1
22	81.818	sequence2	pdb|3UJJ|P	NTRKSIRIGPGQAFYATGDIIG	1	1
15	100.000	sequence2	pdb|4ZTO|P	VGKAMYAPPIRGQIR	1	1
15	93.333	sequence2	pdb|1NIZ|A	RKRIHIGPGRAFYTT	1	1
