# serializer version: 1
# name: test_multi_queries_where_one_of_them_is_failing
  '''
  [
    [
      {
        "1"  :   1
      }
    ],
    [
      {
        "2"  :   2
      }
    ]╭─ Error ──────────────────────────────────────────────────────────────────────╮
  │ 000904 (42000): 01b6cd91-090b-6508-0001-c1be0678ca3a: SQL compilation error: │
  │ error line 1 at position 7                                                   │
  │ invalid identifier 'FOO'                                                     │
  ╰──────────────────────────────────────────────────────────────────────────────╯
  
  '''
# ---
# name: test_multiple_files
  '''
  select round(ln(1), 4);
  +-----------------+
  | ROUND(LN(1), 4) |
  |-----------------|
  | 0.0             |
  +-----------------+
  select round(ln(10), 4);
  +------------------+
  | ROUND(LN(10), 4) |
  |------------------|
  | 2.3026           |
  +------------------+
  select round(ln(100), 4);
  +-------------------+
  | ROUND(LN(100), 4) |
  |-------------------|
  | 4.6052            |
  +-------------------+
  select round(ln(1), 4);
  +-----------------+
  | ROUND(LN(1), 4) |
  |-----------------|
  | 0.0             |
  +-----------------+
  select round(ln(10), 4);
  +------------------+
  | ROUND(LN(10), 4) |
  |------------------|
  | 2.3026           |
  +------------------+
  select round(ln(100), 4);
  +-------------------+
  | ROUND(LN(100), 4) |
  |-------------------|
  | 4.6052            |
  +-------------------+
  
  '''
# ---
