; Time Step:   W particle     W field
   5.8707e-07    3.256e-16
   5.8903e-07   9.0307e-13
   6.1564e-07   9.8159e-13
    6.374e-07   1.1103e-12
   6.4973e-07   9.9907e-13
   6.5606e-07   1.0053e-12
   6.5684e-07   1.0914e-12
   6.5784e-07   1.0407e-12
   6.5721e-07   8.9286e-13
   6.5584e-07   9.2075e-13
   6.5555e-07   1.1763e-12
