 2.31822009e-18 -1.21926454e-18 -2.40065803e-20 1.07494897e-18 6.53968453e-15 -4.01172262e-14 -2.60865342e-16 -3.3838407e-14 6.33837634e-15 -4.01032776e-14 -6.47278438e-17 -3.38296291e-14  6.5263774e-15 -3.98241818e-14 -6.43020803e-17 -3.33621064e-14    6.06856e-15 -3.9897602e-14 -7.54834128e-17 -3.39045254e-14 5.99533161e-15  -3.981919e-14 -1.8442793e-16 -3.40082863e-14 6.30829451e-15 -3.9732769e-14  -1.967326e-16 -3.36212071e-14 6.22094422e-15 -3.95332366e-14 -1.87781174e-16 -3.35000736e-14 6.56463785e-15 -3.95472593e-14 -5.14195528e-17 -3.3034041e-14 6.19859189e-15 -3.96370935e-14 1.17132332e-17 -3.34267883e-14 6.29499191e-15 -3.95665857e-14 -2.59372614e-16 -3.35309664e-14