 -5.38355255e-20 6.50645455e-20 8.64103977e-20 9.76394177e-20 -1.81637738e-16 -3.50832803e-17 1.40717076e-17 -2.02649311e-16 -1.74494705e-16 -4.60616735e-17 1.59158134e-17 -2.04640565e-16 -1.9151763e-16 -5.22553777e-17 8.54923307e-18 -2.35223774e-16 -1.98355195e-16 -3.42422514e-17 -6.33112105e-19 -2.33230558e-16 -1.97363979e-16 -3.40253765e-17 1.20852123e-17 -2.19304144e-16 -1.85543744e-16 -4.34022935e-17 1.06677523e-17 -2.18278286e-16 -1.55248367e-16 -2.49157198e-17 -2.24783684e-18 -1.82411924e-16 -1.91543974e-16 -4.36832661e-17 -1.14512765e-17 -2.46678517e-16 -1.69586736e-16 -4.88767541e-17 -8.78708069e-18 -2.27250571e-16 -1.80252044e-16 -3.41331906e-17 7.64134067e-18 -2.06743894e-16