 2.41524984e-18 3.37660457e-18 3.04363422e-18 8.83548863e-18 3.08302896e-14 -1.90694454e-13 -1.01519696e-16 -1.59965684e-13 1.38451723e-14 -3.03519003e-13 -1.14266473e-16 -2.89788097e-13 -1.62324535e-14 -3.63757393e-13 -9.54673986e-17 -3.80085313e-13 -4.44756808e-14 -3.9230552e-13 -1.94110149e-16 -4.36975311e-13 -6.55312242e-14 -4.03115839e-13 -2.87068622e-16 -4.68934132e-13 -7.95489486e-14 -4.05529538e-13 -3.5809141e-16 -4.85436578e-13 -8.8049319e-14 -4.0399038e-13 -2.81471685e-16 -4.9232117e-13 -9.23959886e-14 -4.0130758e-13 -3.83320302e-16 -4.94086889e-13 -9.45344999e-14 -3.98944417e-13 -1.83168068e-16 -4.93662085e-13 -9.54045145e-14 -3.9716835e-13 -2.68441614e-16 -4.92841306e-13