K00271:89:HHWWNBBXX:2:1101:23277:1068	K00271_89_HHWWNBBXX_2_1101_23277_106	K00271_89_HHWWNBBXX_2_1101_23277_106	N/A	99.329	ATCGGAAGAGCACACGTCTGAACTCCAGTCACCAGATCATCTCGTATGCCGTCTTCTGCTTGAAAAAAAAAAATCTCAGACAACAAATCACAGAGTTAAGTCAGTTTACCGCACAAACTNACCAAGTCGGCGAAACAGAAGGTGGCGAC
K00271:89:HHWWNBBXX:2:1101:23277:1068	K00271_89_HHWWNBBXX_2_1101_5030_4760	K00271_89_HHWWNBBXX_2_1101_5030_4760	N/A	98.333	ATCGGAAGAGCACACGTCTGAACTCCAGTCACCAGATCATCTCGTATGCCGTCTTCTGCT
K00271:89:HHWWNBBXX:2:1101:23277:1068	K00271_89_HHWWNBBXX_2_1101_19492_238	K00271_89_HHWWNBBXX_2_1101_19492_238	N/A	100.000	ATCGGAAGAGCACACGTCTGAACTCCAGTCACCAGATCATCTCGTATGCCG
K00271:89:HHWWNBBXX:2:1101:23277:1068	K00271_89_HHWWNBBXX_2_1101_10247_289	K00271_89_HHWWNBBXX_2_1101_10247_289	N/A	100.000	ATCGGAAGAGCACACGTCTGAACTCCAGTCACCAGATC
K00271:89:HHWWNBBXX:2:1101:23277:1068	K00271_89_HHWWNBBXX_2_1101_14915_479	K00271_89_HHWWNBBXX_2_1101_14915_479	N/A	100.000	ATCGGAAGAGCACACGTCTGAACTCCAGTCACCAGA
K00271:89:HHWWNBBXX:2:1101:23277:1068	K00271_89_HHWWNBBXX_2_1101_28645_284	K00271_89_HHWWNBBXX_2_1101_28645_284	N/A	100.000	ATCGGAAGAGCACACGTCTGAACTCCAGTCACCA
K00271:89:HHWWNBBXX:2:1101:23277:1068	K00271_89_HHWWNBBXX_2_1101_10338_491	K00271_89_HHWWNBBXX_2_1101_10338_491	N/A	100.000	ATCGGAAGAGCACACGTCTGAACTCCAG
K00271:89:HHWWNBBXX:2:1101:23277:1068	K00271_89_HHWWNBBXX_2_1101_13748_259	K00271_89_HHWWNBBXX_2_1101_13748_259	N/A	100.000	ATCGGAAGAGCACACGTCTGAACTCCAG
K00271:89:HHWWNBBXX:2:1101:16792:1121	K00271_89_HHWWNBBXX_2_1101_16792_112	K00271_89_HHWWNBBXX_2_1101_16792_112	N/A	100.000	GGAAACCGTCGGTTCTGGTTGTGGAGGCGGTTGGTGGTGGCTGTGGATTGGGAAGATGGTTTGGTAAGTTTTGGGCCGGTTTCAAGAAACTAAGCTGGGCTGGGCTGGGCTGGGCTGGGCTAAGCTGGGCTCACGAACCAAGTAAAGTT
K00271:89:HHWWNBBXX:2:1101:18609:1173	K00271_89_HHWWNBBXX_2_1101_18609_117	K00271_89_HHWWNBBXX_2_1101_18609_117	N/A	100.000	TGAACCTCCAAATTGATTAGAGAGTCACATGCAAATCACTGTTAAAGTCCGACAAACAGTTTACAAGTAACTTTAATTGAATGCCCGAAAATCTTTTAAATGTTCAGACAATACGATGACGATGACAGTTATAAGCGAAACCACTGAGA
K00271:89:HHWWNBBXX:2:1101:19898:1226	K00271_89_HHWWNBBXX_2_1101_19898_122	K00271_89_HHWWNBBXX_2_1101_19898_122	N/A	100.000	TGATGACTGTTGCCAAACAATTTGGGAATTCTAGATGGGATTCGAGTTTAGTTTTGGAGTGAGCCTTATAATTTTGGTTCATCAAGGTCAATAAGGATACACTCCCACATTGGTGTTCATTGGGTTAATTTTGGAGTGCCACTCACACC
K00271:89:HHWWNBBXX:2:1101:14651:1279	K00271_89_HHWWNBBXX_2_1101_14651_127	K00271_89_HHWWNBBXX_2_1101_14651_127	N/A	100.000	TACAAGCACGCCCAACCAAAGAAGCCGAAAAGCAAACATGCTCGAAGGAGATATTAAGGCTAACCAATTAGCAGCTAGGAGCTGAGCAATTGAGTCCTAAGCGGACAAGATCAATCTAATCATGAAGTATCCCATGGTCAGACAAAGCA
K00271:89:HHWWNBBXX:2:1101:10541:1332	K00271_89_HHWWNBBXX_2_1101_10541_133	K00271_89_HHWWNBBXX_2_1101_10541_133	N/A	100.000	AACAAATATTAAAAATATAAAAAAGTTTACTTTGAATCACAATATCGTTATGATGCTTTTAAGGCCTTTGGATATACTTTAACCTATCTTAACTCCACCTAAGTGACACATCAACTTTTTTTCCTCATTTCACTTTGTCCCACTTTAAG
K00271:89:HHWWNBBXX:2:1101:26697:1367	K00271_89_HHWWNBBXX_2_1101_26697_136	K00271_89_HHWWNBBXX_2_1101_26697_136	N/A	100.000	AAAAAGAAGTTTTACCTTTCTGATCATCGAGTTTAAAGACTTCTGAAATGGATTGTGGAGAGATTTGAATTGTTTTACCCTGTATGGAGGAGTTGATGGTTGTAACAATATGTCTCCTTGTTTTTCAAGGGTAGCATTAGATCGGAAGAG
K00271:89:HHWWNBBXX:2:1101:9699:1420	K00271_89_HHWWNBBXX_2_1101_9699_1420	K00271_89_HHWWNBBXX_2_1101_9699_1420	N/A	100.000	TTTGGCATATAAAGATGTGTTTTGAAGCTATTTTAATAAAAATTCATTTTATTGTAAAACAAAATTTGTTTACTCTCCAAAGTGTTTTTTAGCTTGTTTTTATTTTTAAGTTTTTGAATTTTTTAAAAAAAACTTCTACATGTATTTATT
K00271:89:HHWWNBBXX:2:1101:22445:1455	K00271_89_HHWWNBBXX_2_1101_22445_145	K00271_89_HHWWNBBXX_2_1101_22445_145	N/A	100.000	TGTGTTACGTCATTAACAGTTACGCAGAAACCCTAATCATCAATCAACATCATACGGCGATCATACAGTAACCATCACCCAATCATCATGAAATCCAATCATCATAACATATGCATCGCAGTACTTAACGTCTAGCATGAACCCTAGTTT
K00271:89:HHWWNBBXX:2:1101:29264:1490	K00271_89_HHWWNBBXX_2_1101_29264_149	K00271_89_HHWWNBBXX_2_1101_29264_149	N/A	100.000	TTTGTAAATCGTTGGCCGATTTGTCGAAGTAATAGCGATTTGATTTCTAATATGAAAGGGTTATGCGGAAGAAGATAACGATTCAGATTAAAAAAAAGACAACAATTCTAAAAGTTCAAAAACATGTACTCTGTTTGAAAAAAACACATT
K00271:89:HHWWNBBXX:2:1101:15473:1543	K00271_89_HHWWNBBXX_2_1101_15473_154	K00271_89_HHWWNBBXX_2_1101_15473_154	N/A	100.000	TTCGGCACCCATCCTTTATGTCCGACAAGCATAAATCCCCCTCCCTTTATTCCGTTGCACACCTTACTTCTCCGGTGAACTAGGAGCTGCTGAGTATCCGATGATGTTAAGAATGATGATCAACGAAGATGACGGTTCGAGTGACGGCAA
K00271:89:HHWWNBBXX:2:1101:22739:1578	K00271_89_HHWWNBBXX_2_1101_22739_157	K00271_89_HHWWNBBXX_2_1101_22739_157	N/A	100.000	GAATTTGTGCCATTTAAGCTTAGCTGCAAGGCCTAAATCAGCAGGACCTTGAAACCTAAACCCCAAACTCCATTGTTCTACCAATTCCATTAAACTCGGCATGTCTAGCCAAGAGTTAAAGACCCTACATGGTGTCGGTCCAAAGTCCGT
K00271:89:HHWWNBBXX:2:1101:11485:1631	K00271_89_HHWWNBBXX_2_1101_11485_163	K00271_89_HHWWNBBXX_2_1101_11485_163	N/A	100.000	ATTAGTGAAACCGCTGAAGTCAAAGCTTGGAATCTTATCACGAAGACAAGCCAAAGCACAAACATAATCAGAATCCATACCGCATATATCACTGTCTCTTAAGATGTGGTCCTGTAGCACCCACGTTGGGCCCTCGAGGCCACAAAAGCG
K00271:89:HHWWNBBXX:2:1101:22912:1666	K00271_89_HHWWNBBXX_2_1101_22912_166	K00271_89_HHWWNBBXX_2_1101_22912_166	N/A	100.000	CGTAATATGTTAGCTTTTAAATTCCTAATCCAATCTGTTAAACAAAACCGCAACTCACACACCTTTGTTTTCCCTCTTAGGGTAACTTCGGTGTTCAACAAAGTCAAGACTCGTCAAACTCACTACGTGGAAGTATGACGCAAACCGTGA
K00271:89:HHWWNBBXX:2:1101:7517:1719	K00271_89_HHWWNBBXX_2_1101_7517_1719	K00271_89_HHWWNBBXX_2_1101_7517_1719	N/A	100.000	TTTTTCTAATACATCAATATGAACACAAATTACTTAATTATCTGCTTCAACTGCTTCTATGTTAATTACAAATAGTCAACTGGCACAATTCACACTAAATGGATTTAGGTTATATATAATTATATATGTCTCCTAGTGAAATCAAATATT
K00271:89:HHWWNBBXX:2:1101:24545:1754	K00271_89_HHWWNBBXX_2_1101_24545_175	K00271_89_HHWWNBBXX_2_1101_24545_175	N/A	100.000	CATGATATGTATATGTAAAAAAATTATAATAGGGTATACCCATCCAAACACCAACATAGGCCCATTTACCAAACTATTCTTATGATTTAGATTAGTTATTAGCCCATTGGCATTAGGTTTAAACCTTTAGTGACTCAATAACTAATTTCG
K00271:89:HHWWNBBXX:2:1101:6147:1806	K00271_89_HHWWNBBXX_2_1101_6147_1806	K00271_89_HHWWNBBXX_2_1101_6147_1806	N/A	100.000	AGCGGCGGCGTATCCACCATGCTTTTACCATATTACGCACGTCTCGTTATCTAAGTCACTTACCATAACCAATGTTTTGTATAAACCAATGTCTTGTATAAACCAATGTCTTGTATAAACCAATGTTATGTATAAACCAATATCTTGTAT
K00271:89:HHWWNBBXX:2:1101:19908:1842	K00271_89_HHWWNBBXX_2_1101_19908_184	K00271_89_HHWWNBBXX_2_1101_19908_184	N/A	100.000	AAATGAACTATTTTTGGTGTATTTGAATAGATTAACTTTCCTCGACATCTTGTTCAATACAATTTTGGATAGCCTAACTTTCCTCATCTTGTTCAATACAATTTTAGATAACTTGTTTGTTATTTTTTGACAGCCTTTACTGTTTTTAAT
K00271:89:HHWWNBBXX:2:1101:16082:1930	K00271_89_HHWWNBBXX_2_1101_16082_193	K00271_89_HHWWNBBXX_2_1101_16082_193	N/A	100.000	AAGTGGTGTCATTTTCAACGAATTTTGACAAGTTTTGCCCTTTAATGGACTTCTCACCTTAGGAATAAGCGTATAAACGAAGAGTTACACCCATCTGGAATTTTACCCGGCCGAAAAAAATCTCCACTGAAATTCATGATATCAGTTTTC
K00271:89:HHWWNBBXX:2:1101:24647:1965	K00271_89_HHWWNBBXX_2_1101_24647_196	K00271_89_HHWWNBBXX_2_1101_24647_196	N/A	100.000	GTACACTTATGTATTAACTGGGTTTAAGATTATTATAAAGTTCAGGTTTTGTACATTTGTGTATTAATAGTATGTAATTGATTCAGGTGTTAAAATGGCTAATGAAAAAACATGGCATAATGTTACATTTGTTGATGGAGCAAAATTGAT
K00271:89:HHWWNBBXX:2:1101:4929:2017	K00271_89_HHWWNBBXX_2_1101_4929_2017	K00271_89_HHWWNBBXX_2_1101_4929_2017	N/A	100.000	CTTTTTGGCTCGGATTTCAAGATCAAACTCTTGTACCAATAAGACCCATCGGATCAACCGCGGCTTTGCATCCTTTTTCTCCATCAAGTACCGAACCGCACAATGCTCCGAGTAAACCACAACCTTGCTTCCCTAAATATACGTACGAAA
K00271:89:HHWWNBBXX:2:1101:20151:2053	K00271_89_HHWWNBBXX_2_1101_20151_205	K00271_89_HHWWNBBXX_2_1101_20151_205	N/A	100.000	GTATGATTCAGACTGTGTCGTTTGATGGTTTGGGGAGATTGTATTTGTACGAGATGATATTTGATAGGCCTATCATTTATTACGATCTTCCTATGTTCGTTTTAGGGATGTGCAAGAAGTTCATTGCTCGGAGTTTGTTTGAAGCTTTCT
K00271:89:HHWWNBBXX:2:1101:4391:2105	K00271_89_HHWWNBBXX_2_1101_4391_2105	K00271_89_HHWWNBBXX_2_1101_4391_2105	N/A	100.000	TCCTTGATATTTTTCAAGATATTAAAATTTTAGGCTTTCATTTTTTCCTTAATAGATCTAAGAACAGAAGTCTAGTTTGGAGAGGTGGGTGCTCTTTCAATTTGATGTATTTTGGTTCTTTCGTTTTGGGCGTCCCTCGGTTGAGGGTTG
K00271:89:HHWWNBBXX:2:1101:9668:2141	K00271_89_HHWWNBBXX_2_1101_9668_2141	K00271_89_HHWWNBBXX_2_1101_9668_2141	N/A	100.000	AAAATCGCGTGCTATCAGTGAAAAACCTTTATAAAATCGCATTTATCAGCTAATCATGTACACTAAGTCAGTAAGTGATAAAATCGCATGAATGAGTATCAATTCGCATGTCTTAGTTATGCATTACGAAAAACAGATCGGAAGAGCACA
K00271:89:HHWWNBBXX:2:1101:17360:2176	K00271_89_HHWWNBBXX_2_1101_17360_217	K00271_89_HHWWNBBXX_2_1101_17360_217	N/A	100.000	CAACTTAGCTTTTAACCAACATCTTTAGCATTTTAGTAGATTTTTAACACATCATCTTGTAAGTTCATGAGTTTTAACCGTCATATTTCATTTTAACCACTTTAAGATAGATCGAGAGGGCGTTTATAGATCGGAAGAGCACACGTCTGA
K00271:89:HHWWNBBXX:2:1101:17360:2176	K00271_89_HHWWNBBXX_2_1101_13748_259	K00271_89_HHWWNBBXX_2_1101_13748_259	N/A	100.000	GTTTATAGATCGGAAGAGCACACGTCTGA
K00271:89:HHWWNBBXX:2:1101:5558:2228	K00271_89_HHWWNBBXX_2_1101_5558_2228	K00271_89_HHWWNBBXX_2_1101_5558_2228	N/A	100.000	CGTATAAACGTTATGCGAAAATTTATGCAGAAATAATTTATACAAAATATCACATGTGAAAGCTTAATATATAATTTTTGTGGATCATACAAAAAAAATCAATTAATTAATTTCATAAATTAAATGAGCCATGCGAAATTGGAGATAGGA
K00271:89:HHWWNBBXX:2:1101:21653:2264	K00271_89_HHWWNBBXX_2_1101_21653_226	K00271_89_HHWWNBBXX_2_1101_21653_226	N/A	100.000	TAATCAAGAAATTTCTTAAGCTTGTTAGAATTCCTTTTGTACGTCCATTGCGGTCCATCTTCTTGTTCCTTCTTCGTTTTGAGTTCTAATGGCAATTTAGACTTTGACTCTCCAAATGCTATTGATCAAGATTGAAACAGGTTAGCGTTG
K00271:89:HHWWNBBXX:2:1101:29244:2299	K00271_89_HHWWNBBXX_2_1101_29244_229	K00271_89_HHWWNBBXX_2_1101_29244_229	N/A	100.000	TACAAAAATCATTTACTTTGACTCACGGGTATAATTATCTAACTAAAACAAGCTGGGGAGTGGATCAAGCCGAACAATCAACGACATGTCATTGCTTTTGTAAGTTGTGAGAATGGAACGCGAGCTACTCAAAAAACAAGCTCGTAATAA
K00271:89:HHWWNBBXX:2:1101:8734:2352	K00271_89_HHWWNBBXX_2_1101_8734_2352	K00271_89_HHWWNBBXX_2_1101_8734_2352	N/A	100.000	CTTAATACCATAGCTTAATCACAACAAAGCTATATGAAAGTAAAACCGTGATAATCATCCATTACTTCAGGTTTTAAAACAAAATACCACAACATTGTTTTCAAACGTTGACACATGCAACGAGTTCACAACATAACAAAATAAAACTTG
K00271:89:HHWWNBBXX:2:1101:19492:2387	K00271_89_HHWWNBBXX_2_1101_19492_238	K00271_89_HHWWNBBXX_2_1101_19492_238	N/A	100.000	GAAGGGAGGGCCCCAATTGGTAGAAAAAAACCCACAACCCCTTGGGGTTATCCTGCACTTGGAAAAAGAAGTAGAAAAAGGAATAAATATAGTGATAAGATCGGAAGAGCACACGTCTGAACTCCAGTCACCAGATCATCTCGTATGCCG
K00271:89:HHWWNBBXX:2:1101:19492:2387	K00271_89_HHWWNBBXX_2_1101_23277_106	K00271_89_HHWWNBBXX_2_1101_23277_106	N/A	100.000	ATCGGAAGAGCACACGTCTGAACTCCAGTCACCAGATCATCTCGTATGCCG
K00271:89:HHWWNBBXX:2:1101:19492:2387	K00271_89_HHWWNBBXX_2_1101_5030_4760	K00271_89_HHWWNBBXX_2_1101_5030_4760	N/A	93.548	ATAGTGATAAGATCGGAAGAGCACACGTCTGAACTCCAGTCACCAGATCATCTCGTATGCCG
K00271:89:HHWWNBBXX:2:1101:19492:2387	K00271_89_HHWWNBBXX_2_1101_10247_289	K00271_89_HHWWNBBXX_2_1101_10247_289	N/A	100.000	TGATAAGATCGGAAGAGCACACGTCTGAACTCCAGTCACCAGATC
K00271:89:HHWWNBBXX:2:1101:19492:2387	K00271_89_HHWWNBBXX_2_1101_14915_479	K00271_89_HHWWNBBXX_2_1101_14915_479	N/A	100.000	AAGATCGGAAGAGCACACGTCTGAACTCCAGTCACCAGA
K00271:89:HHWWNBBXX:2:1101:19492:2387	K00271_89_HHWWNBBXX_2_1101_28645_284	K00271_89_HHWWNBBXX_2_1101_28645_284	N/A	100.000	AGATCGGAAGAGCACACGTCTGAACTCCAGTCACCA
K00271:89:HHWWNBBXX:2:1101:19492:2387	K00271_89_HHWWNBBXX_2_1101_10338_491	K00271_89_HHWWNBBXX_2_1101_10338_491	N/A	100.000	AGATCGGAAGAGCACACGTCTGAACTCCAG
K00271:89:HHWWNBBXX:2:1101:19492:2387	K00271_89_HHWWNBBXX_2_1101_13748_259	K00271_89_HHWWNBBXX_2_1101_13748_259	N/A	100.000	AGATCGGAAGAGCACACGTCTGAACTCCAG
K00271:89:HHWWNBBXX:2:1101:28016:2422	K00271_89_HHWWNBBXX_2_1101_28016_242	K00271_89_HHWWNBBXX_2_1101_28016_242	N/A	100.000	ATACATGTTGCAGGCTGATAGGATGCTTAGGATGCATGGAATTCAGCTAGGAGATGCTTAGAAACGTCACCTAGTTAACTTAGAATCTTTGAACAATTTGAACGATATTGGTTATGGTCTGTATTCGATACTTGTGTTGGTTGTGTTTGC
K00271:89:HHWWNBBXX:2:1101:10490:2475	K00271_89_HHWWNBBXX_2_1101_10490_247	K00271_89_HHWWNBBXX_2_1101_10490_247	N/A	100.000	ATTCGATAATGAATCCGACGATGAACCCAACGATAACGATGACGATGAGTGACTTTATTTTAATGTATGCTTTGGATTTAATTAAACGTTGTAGGATATAATGTACGACTTAAACGTAGTTTTTAATTAGATTACCTTTAGTATATGTTG
K00271:89:HHWWNBBXX:2:1101:20172:2510	K00271_89_HHWWNBBXX_2_1101_20172_251	K00271_89_HHWWNBBXX_2_1101_20172_251	N/A	100.000	CAACAAATCAAAACAAAAACCGATTTGTAAAAAGAAACGAGGCTCAGATCTGTATCTTCAAGAACATAATCAAACATCATCATCAAAACCCAGAAAATCCAGAAAATCAAGAACATCATCTTCAAGAAAATCAAAAACCAATTTGTAAAA
K00271:89:HHWWNBBXX:2:1101:30117:2545	K00271_89_HHWWNBBXX_2_1101_30117_254	K00271_89_HHWWNBBXX_2_1101_30117_254	N/A	100.000	AAAAGGGGAAATAGCAATATTAGCCAAGAAGTGGTCAAAGATTCGAAACTAGTGAACGGAAACATCTCGTTGATCCTTTATCACATTGCTGAAACGTCTTGATGATGGACCAATTCACTTGCTGCCACGTGTTCGACAACGTCGAAACGT
K00271:89:HHWWNBBXX:2:1101:13748:2598	K00271_89_HHWWNBBXX_2_1101_13748_259	K00271_89_HHWWNBBXX_2_1101_13748_259	N/A	100.000	TCTGGTTCTTAGGTGTTTCAATAAGGTAAGATATGATATTATGATCTTATACTACAAAATCTTTTTTGTTATTTTCTTTATATAATATGTCACTGAAGTATAGATATGAAGAAAGTTTATAGATCGGAAGAGCACACGTCTGAACTCCAG
K00271:89:HHWWNBBXX:2:1101:13748:2598	K00271_89_HHWWNBBXX_2_1101_10338_491	K00271_89_HHWWNBBXX_2_1101_10338_491	N/A	100.000	ATAGATCGGAAGAGCACACGTCTGAACTCCAG
K00271:89:HHWWNBBXX:2:1101:13748:2598	K00271_89_HHWWNBBXX_2_1101_5030_4760	K00271_89_HHWWNBBXX_2_1101_5030_4760	N/A	97.222	TTTA-TAGATCGGAAGAGCACACGTCTGAACTCCAG
K00271:89:HHWWNBBXX:2:1101:13748:2598	K00271_89_HHWWNBBXX_2_1101_28645_284	K00271_89_HHWWNBBXX_2_1101_28645_284	N/A	100.000	TAGATCGGAAGAGCACACGTCTGAACTCCAG
K00271:89:HHWWNBBXX:2:1101:13748:2598	K00271_89_HHWWNBBXX_2_1101_14915_479	K00271_89_HHWWNBBXX_2_1101_14915_479	N/A	100.000	AGATCGGAAGAGCACACGTCTGAACTCCAG
K00271:89:HHWWNBBXX:2:1101:13748:2598	K00271_89_HHWWNBBXX_2_1101_10247_289	K00271_89_HHWWNBBXX_2_1101_10247_289	N/A	100.000	AGATCGGAAGAGCACACGTCTGAACTCCAG
K00271:89:HHWWNBBXX:2:1101:13748:2598	K00271_89_HHWWNBBXX_2_1101_19492_238	K00271_89_HHWWNBBXX_2_1101_19492_238	N/A	100.000	AGATCGGAAGAGCACACGTCTGAACTCCAG
K00271:89:HHWWNBBXX:2:1101:13748:2598	K00271_89_HHWWNBBXX_2_1101_17360_217	K00271_89_HHWWNBBXX_2_1101_17360_217	N/A	100.000	GTTTATAGATCGGAAGAGCACACGTCTGA
K00271:89:HHWWNBBXX:2:1101:13748:2598	K00271_89_HHWWNBBXX_2_1101_23277_106	K00271_89_HHWWNBBXX_2_1101_23277_106	N/A	100.000	ATCGGAAGAGCACACGTCTGAACTCCAG
K00271:89:HHWWNBBXX:2:1101:25966:2633	K00271_89_HHWWNBBXX_2_1101_25966_263	K00271_89_HHWWNBBXX_2_1101_25966_263	N/A	100.000	AAGGTTAATCCTAGCATTATTTCTAATGTATCGTTTTCATCTTCATTACCTATTAATAATCTTAATGGAATTTTTTCTTCTCCAAATTTAATTATAGTTTCTATGGCTTCATTTATTTCATGTAACTCACCATTAAAGTTAATATATTGG
K00271:89:HHWWNBBXX:2:1101:8034:2686	K00271_89_HHWWNBBXX_2_1101_8034_2686	K00271_89_HHWWNBBXX_2_1101_8034_2686	N/A	100.000	ATGGGAAATCAAAAAAGTTTTCATCTTTAGGGTTCTTGATAATTCTGTTTGTTTAAACTAAGGGTAGGTTACATAATTCAATGTACCCATTTGGGAAATTAAAAAAGTTTTAATCTTTAGGGGTCTTGATAATGCAATTGTTTGTAGTGT
K00271:89:HHWWNBBXX:2:1101:19887:2721	K00271_89_HHWWNBBXX_2_1101_19887_272	K00271_89_HHWWNBBXX_2_1101_19887_272	N/A	100.000	AACAGGAGCATGGTATTGATTTCTTGATGATTCAGGAGACAAAGAAGGAGGTTTTAGCGAATGTTAATATTGCCAATTTTTGGGGGAAGGGGGAATTCGGTATGGAATATGTTAGTTCGGTAGGTCTTTCAGGAGGAATTATGAGTATTT
K00271:89:HHWWNBBXX:2:1101:8329:2774	K00271_89_HHWWNBBXX_2_1101_8329_2774	K00271_89_HHWWNBBXX_2_1101_8329_2774	N/A	100.000	AATTGGGTTTAGAGACCCAAACCCCATTAACCATGAGCCCCGGAATGTAATTAGAGGCCTTCCGACTGTTAATCATCCCGTGAAAGAAAGTAGTATTGTCGTCGCGATGCATAGCCCATTTAATGTTTAAACTCCATTTCAAAATTCTTT
K00271:89:HHWWNBBXX:2:1101:20669:2809	K00271_89_HHWWNBBXX_2_1101_20669_280	K00271_89_HHWWNBBXX_2_1101_20669_280	N/A	100.000	TGACATTTTGTCCACCTTTTTAGTTGGAGCTTGATTGACAATTATAGCAGCAGCCTCAAGAGCAAAACTCCAGAAGGAGTCAGAAAAATTTGTACGACACATCATTGACCGAACCATATCTAGTAGGGTTTTGTTTCTCTTTTCAGAAAC
K00271:89:HHWWNBBXX:2:1101:28645:2844	K00271_89_HHWWNBBXX_2_1101_28645_284	K00271_89_HHWWNBBXX_2_1101_28645_284	N/A	100.000	TTTAAGCAGTGAATGAATCTTTTGCCAAACAGAGGTTTTAAAAACAGCTGTTTTTAACAGACTTTTAAATATTTTTCTCAATTTCTTTCAAAATACCTATTTTTTAGGAATGTTAGATCGGAAGAGCACACGTCTGAACTCCAGTCACCA
K00271:89:HHWWNBBXX:2:1101:28645:2844	K00271_89_HHWWNBBXX_2_1101_5030_4760	K00271_89_HHWWNBBXX_2_1101_5030_4760	N/A	100.000	TTAGATCGGAAGAGCACACGTCTGAACTCCAGTCACCA
K00271:89:HHWWNBBXX:2:1101:28645:2844	K00271_89_HHWWNBBXX_2_1101_14915_479	K00271_89_HHWWNBBXX_2_1101_14915_479	N/A	100.000	AGATCGGAAGAGCACACGTCTGAACTCCAGTCACCA
K00271:89:HHWWNBBXX:2:1101:28645:2844	K00271_89_HHWWNBBXX_2_1101_10247_289	K00271_89_HHWWNBBXX_2_1101_10247_289	N/A	100.000	AGATCGGAAGAGCACACGTCTGAACTCCAGTCACCA
K00271:89:HHWWNBBXX:2:1101:28645:2844	K00271_89_HHWWNBBXX_2_1101_19492_238	K00271_89_HHWWNBBXX_2_1101_19492_238	N/A	100.000	AGATCGGAAGAGCACACGTCTGAACTCCAGTCACCA
K00271:89:HHWWNBBXX:2:1101:28645:2844	K00271_89_HHWWNBBXX_2_1101_23277_106	K00271_89_HHWWNBBXX_2_1101_23277_106	N/A	100.000	ATCGGAAGAGCACACGTCTGAACTCCAGTCACCA
K00271:89:HHWWNBBXX:2:1101:28645:2844	K00271_89_HHWWNBBXX_2_1101_10338_491	K00271_89_HHWWNBBXX_2_1101_10338_491	N/A	100.000	TAGATCGGAAGAGCACACGTCTGAACTCCAG
K00271:89:HHWWNBBXX:2:1101:28645:2844	K00271_89_HHWWNBBXX_2_1101_13748_259	K00271_89_HHWWNBBXX_2_1101_13748_259	N/A	100.000	TAGATCGGAAGAGCACACGTCTGAACTCCAG
K00271:89:HHWWNBBXX:2:1101:10247:2897	K00271_89_HHWWNBBXX_2_1101_10247_289	K00271_89_HHWWNBBXX_2_1101_10247_289	N/A	100.000	TTTTATTGAAGGCCCGAAATCTTGGGTCAAAATTGAATTAGGTTAATGCATGAAAATTACTAATAAAATTTTCTTCTAAATTCTACAGATGTCTACAAACAATTCTGATAAGATCGGAAGAGCACACGTCTGAACTCCAGTCACCAGATC
K00271:89:HHWWNBBXX:2:1101:10247:2897	K00271_89_HHWWNBBXX_2_1101_19492_238	K00271_89_HHWWNBBXX_2_1101_19492_238	N/A	100.000	TGATAAGATCGGAAGAGCACACGTCTGAACTCCAGTCACCAGATC
K00271:89:HHWWNBBXX:2:1101:10247:2897	K00271_89_HHWWNBBXX_2_1101_5030_4760	K00271_89_HHWWNBBXX_2_1101_5030_4760	N/A	97.674	ATAAGATCGGAAGAGCACACGTCTGAACTCCAGTCACCAGATC
K00271:89:HHWWNBBXX:2:1101:10247:2897	K00271_89_HHWWNBBXX_2_1101_14915_479	K00271_89_HHWWNBBXX_2_1101_14915_479	N/A	100.000	AAGATCGGAAGAGCACACGTCTGAACTCCAGTCACCAGA
K00271:89:HHWWNBBXX:2:1101:10247:2897	K00271_89_HHWWNBBXX_2_1101_23277_106	K00271_89_HHWWNBBXX_2_1101_23277_106	N/A	100.000	ATCGGAAGAGCACACGTCTGAACTCCAGTCACCAGATC
K00271:89:HHWWNBBXX:2:1101:10247:2897	K00271_89_HHWWNBBXX_2_1101_28645_284	K00271_89_HHWWNBBXX_2_1101_28645_284	N/A	100.000	AGATCGGAAGAGCACACGTCTGAACTCCAGTCACCA
K00271:89:HHWWNBBXX:2:1101:10247:2897	K00271_89_HHWWNBBXX_2_1101_10338_491	K00271_89_HHWWNBBXX_2_1101_10338_491	N/A	100.000	AGATCGGAAGAGCACACGTCTGAACTCCAG
K00271:89:HHWWNBBXX:2:1101:10247:2897	K00271_89_HHWWNBBXX_2_1101_13748_259	K00271_89_HHWWNBBXX_2_1101_13748_259	N/A	100.000	AGATCGGAAGAGCACACGTCTGAACTCCAG
K00271:89:HHWWNBBXX:2:1101:23784:2932	K00271_89_HHWWNBBXX_2_1101_23784_293	K00271_89_HHWWNBBXX_2_1101_23784_293	N/A	100.000	AATGAAATTATAATGGGCTCCATAGTTATGTTGGATTTTTTTTTTTTAACGGCCGACAGAAATTATTTTTATTATTATGTAGCAAGATGCTCCCCGCCAAATATACAAATTACAAGAAACCAACACCACGAACCACGTAATATTACATAA
K00271:89:HHWWNBBXX:2:1101:9973:2985	K00271_89_HHWWNBBXX_2_1101_9973_2985	K00271_89_HHWWNBBXX_2_1101_9973_2985	N/A	100.000	GCTTGTCCTAATCGTTCATCATATGCCCAAAAATGCATAGTCCTCAGGGCACCGTTGGGAATTTTCTTGACCAAAGGAATTGTTTTCTCTTTATTAGTTGGAGGCCAAGACACAATCTTCATCCTTTTGTTCGTGTGTGGATCTCTAACT
K00271:89:HHWWNBBXX:2:1101:22759:3020	K00271_89_HHWWNBBXX_2_1101_22759_302	K00271_89_HHWWNBBXX_2_1101_22759_302	N/A	100.000	AGGTTGATGAGTTTCTAAAGGTGTACAAGAGAAGTTTAAGAGCCAAGGAAATTCAGAGAAAAGCTGCTGAAAGAGGAAGACGAAATCTTGGATTTGTACCTCCTACTGATCAGACACCCATAGAGTCTGAAGAGAACAAGATCCCTAAGT
K00271:89:HHWWNBBXX:2:1101:7243:3072	K00271_89_HHWWNBBXX_2_1101_7243_3072	K00271_89_HHWWNBBXX_2_1101_7243_3072	N/A	100.000	TACTTTAGCATACAAAGACATGATCAAACATGAAAACAAGTTCTTTACGTATATAAACCATACCAACAATTTTTGCTAATCAATATCATTCATACACACAATCATTAACACTTAATAATTAACACAAATATGGGTTTACTAACCAGTAAC
K00271:89:HHWWNBBXX:2:1101:20577:3108	K00271_89_HHWWNBBXX_2_1101_20577_310	K00271_89_HHWWNBBXX_2_1101_20577_310	N/A	100.000	ATTGCAGGTTAGGGATGTGTATACGAGTGAGATGATTCTGGTTACTATCTTCAAGGGGAGTTTGTTTTGAAAACAATAGATAGCAATTATTATGGAGAAAAAGATTTCAAACAATCCAATCACACAAATATGTTTCCTCCTGTTTCCCAT
K00271:89:HHWWNBBXX:2:1101:27133:3143	K00271_89_HHWWNBBXX_2_1101_27133_314	K00271_89_HHWWNBBXX_2_1101_27133_314	N/A	100.000	CATAATACGACATGCTAATCATGGGGTTTGAACTCATGACCTCAAGATTATAACCCAAAACATTAACTAATTAATCATATAATCATCTTGTTAACAAGATCGAAGAGTCAATTAATTAAGTGAATTGACAGTTCAAAACAGTTTAGGAAA
K00271:89:HHWWNBBXX:2:1101:15006:3196	K00271_89_HHWWNBBXX_2_1101_15006_319	K00271_89_HHWWNBBXX_2_1101_15006_319	N/A	100.000	ATTGTATAATTTAAAAAAAATGTTAACGCACAAAAAAGTTATAGTCGTTTAAGAATCGTAGGGTAGTTAGTTTTTTATAAGGGGATAAAGTGTAACTATTAACTAATTATCTATAATATGGTTAAAGGTGGGGGAATTAAAGTGTAATTA
K00271:89:HHWWNBBXX:2:1101:29234:3231	K00271_89_HHWWNBBXX_2_1101_29234_323	K00271_89_HHWWNBBXX_2_1101_29234_323	N/A	100.000	GTATGTATGTATGTAAGCACGTATGTATTGTAGAGGTGTATGCATGTATGGGTGCATGTGTGTACGTATGTAAGTACGTAGGTAATTATGATTTGGAGACAGTGGGAGTTAACGTTATTAATGGTGTACTATGAGAATGAAAAGTAATGG
K00271:89:HHWWNBBXX:2:1101:10551:3283	K00271_89_HHWWNBBXX_2_1101_10551_328	K00271_89_HHWWNBBXX_2_1101_10551_328	N/A	100.000	CAAATTCAGAGATCTTGTGATGCAACAGCCTCTATTATTATAGTTGGATGACCATGATCATCCCGCGTATATTGACCTTGCCAGGCAGTAAGGCAGTTCTGCCACGGCCAATACAACCCAACCGCAACAAAACTTTAGATCGGAAGAGCA
K00271:89:HHWWNBBXX:2:1101:16904:3319	K00271_89_HHWWNBBXX_2_1101_16904_331	K00271_89_HHWWNBBXX_2_1101_16904_331	N/A	100.000	GATATTTATGAAGTGATTTCAAAATTATTGAAGTTAACATTTAAGTAAGATAGTTGGATTGATGTAAATTTGGGCTATATGACAAGTTATGAACTTGATAACAAACCATGTAAAATTCTGCCTTTAAAGTGTTTGTAAAAATGCCTCAAA
K00271:89:HHWWNBBXX:2:1101:28960:3354	K00271_89_HHWWNBBXX_2_1101_28960_335	K00271_89_HHWWNBBXX_2_1101_28960_335	N/A	100.000	TAGTATACTGTGATGCTTCGCACCAAGGTTGGGGTTGTGTTCTCATGCAACGTGAAAAGGTTATCGCGTACGCGTCCCGCCAATTGAAAGTTCACGAGAAGAACTATACCACTCACGACCTAGAGTTAGGCGCGGTGGTATTTGCTTTGA
K00271:89:HHWWNBBXX:2:1101:13119:3407	K00271_89_HHWWNBBXX_2_1101_13119_340	K00271_89_HHWWNBBXX_2_1101_13119_340	N/A	100.000	ATAAAAGTGATATAACCACAGGGGCCAAAATCATAATTTACTCTAACTAATATTATTTATCATTTATACATTTACAGAGTTTTAAATAATGGGTTACATTTATTGATACTTCGTTAACAAATTTTGCTACAACAAAATAATCGATTTATA
K00271:89:HHWWNBBXX:2:1101:22333:3442	K00271_89_HHWWNBBXX_2_1101_22333_344	K00271_89_HHWWNBBXX_2_1101_22333_344	N/A	100.000	GAGTTAAAAAAAGGCTTAATTTTTTTTTACATGAAAGATATTTATTATTATCAATCATTTCAATCCAAAATTGAAAACGAAAATTTAATTTACATAAAAGTATATAGCTATTAGATTTTATTTAGAAAATCTATTTAAAAAAATACTGGT
K00271:89:HHWWNBBXX:2:1101:31243:3477	K00271_89_HHWWNBBXX_2_1101_31243_347	K00271_89_HHWWNBBXX_2_1101_31243_347	N/A	100.000	GGAATTACACTTCAGAAGCGAAATTTTGAATTTCAAGCGAAGTTAGGTGAATTCGTTTGAAATCAATCAGTGATTTTGTACGGAATTATGCTGACATCATCGTTTTCGATCTGTAGTTCAAGCAAAATTTCTGATTTTAACACTATTTGA
K00271:89:HHWWNBBXX:2:1101:7182:3530	K00271_89_HHWWNBBXX_2_1101_7182_3530	K00271_89_HHWWNBBXX_2_1101_7182_3530	N/A	100.000	TCTTTCTCTTATGCGTACAACCCACACACTAGGAAGGATTATTCCTCATTTGTTGCTAAACACGTTCACACACAAAAGAAACCCTAGTTCTTTCTCTCTCACCCTCACGAACTCACGGCAGCCGGTTCTAGCACCTCGAAGACTTCTTGT
K00271:89:HHWWNBBXX:2:1101:13007:3565	K00271_89_HHWWNBBXX_2_1101_13007_356	K00271_89_HHWWNBBXX_2_1101_13007_356	N/A	100.000	GCATGATATAATAATACTAAAATAATAACATTACTGAATAATAACATAACCAATAGTTTGATAACATCCACTGTACATAAGAGATCGGCCGAAAAAATGAATCGGGGACAAGCGGAAATTACCGGAGGGAGTTGCAGGGGTTGTCTTCCG
K00271:89:HHWWNBBXX:2:1101:21065:3600	K00271_89_HHWWNBBXX_2_1101_21065_360	K00271_89_HHWWNBBXX_2_1101_21065_360	N/A	100.000	CATAGGTCTGCCCTAGTGTGTCACGAACATCCTAAGCAACAGCTCCTGAAAACACATGTGAAAATAGGTACGTCAGCATAAAAATGCCTGTGAGATACATAGGTATTGCGAAAATAGGATTCATGACTCAAGTTTAAGAAAATGTTTAAT
K00271:89:HHWWNBBXX:2:1101:27133:3635	K00271_89_HHWWNBBXX_2_1101_27133_363	K00271_89_HHWWNBBXX_2_1101_27133_363	N/A	100.000	ATTGTTTTAAAAATTAATTTAACAAAATACAAACATCAAAGTTCATTTTTAAAAGCTTATCTTGATGATTATCTATATATATTTAAAAATTTAGTTATATCAACTTTTTTACAACCTTCATTATGAGCCTCTTAAATATTTGTGTCTTTC
K00271:89:HHWWNBBXX:2:1101:8897:3688	K00271_89_HHWWNBBXX_2_1101_8897_3688	K00271_89_HHWWNBBXX_2_1101_8897_3688	N/A	100.000	AGTCAGACTTATTTTGGCTTTGGCTGCACACTATGGATGGTACTTGCACCAAATGGATGTGAAGACTGCCTTCCTTAATGGCACGTTAACAGAACAGGTATTTGCTGAACAACCAGAAGGGTATGTTACAAAAGGAGAGGAAAGGAAGGT
K00271:89:HHWWNBBXX:2:1101:27062:3723	K00271_89_HHWWNBBXX_2_1101_27062_372	K00271_89_HHWWNBBXX_2_1101_27062_372	N/A	100.000	ATATGAAACTTTAAATAAAGAAAAAAAATTTAAAAGCTTGGAGATCTGTGTCTTACACATTTACTTCTAAATTGATTTATTATGAAAATTAAATAAACAAAACCACAAGAAAAAAAAGTTAAATAAACAAAACGACAAGAAAAAAAAATA
K00271:89:HHWWNBBXX:2:1101:6309:3776	K00271_89_HHWWNBBXX_2_1101_6309_3776	K00271_89_HHWWNBBXX_2_1101_6309_3776	N/A	100.000	ATATTGGATCCGACCCGTAAACATGGATCCTATATAATATCTTTTATTCTATTAACAAATCTTCTTCCATCATATACAGTCTCTCTCTTCAAGAACATATATCACATCTCCCCATAAACCCTTTCTTCTTCAACCGATTCACTATCAATC
K00271:89:HHWWNBBXX:2:1101:15199:3811	K00271_89_HHWWNBBXX_2_1101_15199_381	K00271_89_HHWWNBBXX_2_1101_15199_381	N/A	100.000	ATGGTCATTTCGACTAAATGGGTCAAATGGTGTGTTAATACCATTTGGCACTAATATAACTTACGACCGCTTGTTGAGTTTTGGTGATCGCTGGAAATAACAAATGGTTTGAAATGCTTTTAACTAGAAAATTTAAAAGCAAATGGTATC
K00271:89:HHWWNBBXX:2:1101:23460:3846	K00271_89_HHWWNBBXX_2_1101_23460_384	K00271_89_HHWWNBBXX_2_1101_23460_384	N/A	100.000	AAGCCCGCGATACGCGGAAGCCGCCGCGACACGCGACGGTTTACCAGTAATCTCCCGCGACACGCGAGAGGACTAGTTTTGAAAAATAATTATTTTAAAATTTTGACGTTGAATCTCGTTTATGCTCTTCATTTAAATGTCAAAACTAAC
K00271:89:HHWWNBBXX:2:1101:31030:3881	K00271_89_HHWWNBBXX_2_1101_31030_388	K00271_89_HHWWNBBXX_2_1101_31030_388	N/A	100.000	GATTCCTCGTGATCAATTACACGTTAACCTCAGTGGTATTCTGTACACGTGTTCCGACGTATCTACGCCGGTGTTAGTTCACGGCGGCTGACGGAAGTAACGGCACGGCGTTTAATTATCCCGTCACCGCTAACGATAGTGTACTTCTGC
K00271:89:HHWWNBBXX:2:1101:12347:3934	K00271_89_HHWWNBBXX_2_1101_12347_393	K00271_89_HHWWNBBXX_2_1101_12347_393	N/A	100.000	GTGCCAGATGTATACCATAAGCATTCGGAGCCATTTCTGGAGTTTATTCTGACATGTACAAATATACAAATATACACATTAGTTTGAATTGGGAACCCAAATTTGCTTCATTTCGAATCTATCGTGGTTTTGACCCGCTTTGACCTCTTT
K00271:89:HHWWNBBXX:2:1101:26697:3969	K00271_89_HHWWNBBXX_2_1101_26697_396	K00271_89_HHWWNBBXX_2_1101_26697_396	N/A	100.000	TAGATCTAGGAAGATTTAGGGTGTTTTAATGATTTCTGTTCATATCGTTTTGATCGCATTGATAAGATCTACATGTTTACCGTTTCAATTTTTGAAAAATCATGATTAAACTTGATAGATCTGAGTTTATGTGGTTACGGCAGTCGGCAG
K00271:89:HHWWNBBXX:2:1101:5578:4022	K00271_89_HHWWNBBXX_2_1101_5578_4022	K00271_89_HHWWNBBXX_2_1101_5578_4022	N/A	100.000	TTATTACACCCGTGTGTCACACGGGAAATAACCTAGTTAATTATAGATAATCCTCCTACTAAATATTATTTAAATTTCTTATGGATAATTATTATTTAGTTTAATCTCCTTCTCATTTATAATATTATTTATTTAACTAATAGAGTAAAG
K00271:89:HHWWNBBXX:2:1101:13250:4057	K00271_89_HHWWNBBXX_2_1101_13250_405	K00271_89_HHWWNBBXX_2_1101_13250_405	N/A	100.000	TTTACTACATACATATTTCCCAAAAAAAATATTTTTAAGATCATAACCTCTAAAAATATTTTTCTATTCTATTATAAATCCTTTCGTAAACCCAAAATCCTTATAAATAAGGTTTTTAAGATTGTACCAACAATCTCATGAAATCTGTTT
K00271:89:HHWWNBBXX:2:1101:2361:4110	K00271_89_HHWWNBBXX_2_1101_2361_4110	K00271_89_HHWWNBBXX_2_1101_2361_4110	N/A	100.000	AATCGTTGAGAGATTTTTATCCTAATTTAATTCGTTAAAATTATGGTTATTTATTTATTTGAACAATTAAACTAATTCATTTTACCATTAAAAGTTTTACTTTTATAAAAATAACCTAGTTAATAATTTAAAGCTAACCTAGTTAGTTGG
K00271:89:HHWWNBBXX:2:1101:12286:4145	K00271_89_HHWWNBBXX_2_1101_12286_414	K00271_89_HHWWNBBXX_2_1101_12286_414	N/A	100.000	AGAAATAATAAAATCAATGGGAGTAGTTGAGGATGTGTTAGTGCAAACAAACCAAACGGTAGTCACAACCGAATTCGTCATTCTTGATGATGCTCCACTTGTGTTGGGACAACCTTTTGTTAAAACCCATCAAGCATTGATCAATCGGAA
K00271:89:HHWWNBBXX:2:1101:21399:4180	K00271_89_HHWWNBBXX_2_1101_21399_418	K00271_89_HHWWNBBXX_2_1101_21399_418	N/A	100.000	CTTATTGATATCTTTGAATTGTCAGTTTGATTATTATACGTACTAACAAAATTTATTTTTTTTCTTGTATTAAGCGATTCGAATGTTTTTTTTTTTCTTTTACTAATAAATGATGTATTAATCGGTTCGATGTTTTTCTTTTATTTTCGT
K00271:89:HHWWNBBXX:2:1101:4543:4233	K00271_89_HHWWNBBXX_2_1101_4543_4233	K00271_89_HHWWNBBXX_2_1101_4543_4233	N/A	100.000	AATCTTCTAATTATAACATCTAAATCAAAAGATTGAAAAACAATATGAGGAAAAACTCTCAATAGCCGGATTATAGATCAATAACATACCTTCTTGTGTTGATTGTAGTGTAGCTGTTGATTGTATTGTAGAAGATGTTAGCAATGAAGG
K00271:89:HHWWNBBXX:2:1101:14712:4268	K00271_89_HHWWNBBXX_2_1101_14712_426	K00271_89_HHWWNBBXX_2_1101_14712_426	N/A	100.000	ACTTTATGTTATTTAATTTTTTATTTTACTGAAATTCAGACTCGAAAACTAAAATAAATTACACTTGTCGCAAATTTGTAGCAAGTTGCTACAAATTTCTGACAAATTTAGAAAATTTATTTTTTAAATTATTTATTTTGCTATAGTAAC
K00271:89:HHWWNBBXX:2:1101:21389:4303	K00271_89_HHWWNBBXX_2_1101_21389_430	K00271_89_HHWWNBBXX_2_1101_21389_430	N/A	100.000	AGAAGATTTTATCGGACATAAGACTGGGGGATTTCAAATTATCCTTTAACGTGGCCAGATTCACGTTAGAGGATGGGGAGATTAAGAACAGAGGTACAGAGGCTAGGAAAACTGGGATGGTAAACGGAGCGGGTGGAAGTATTACAGGAG
K00271:89:HHWWNBBXX:2:1101:26139:4338	K00271_89_HHWWNBBXX_2_1101_26139_433	K00271_89_HHWWNBBXX_2_1101_26139_433	N/A	100.000	AAAAATGATTAATCTCCCAATTTGAATCTCATATGAACTTGTGATTAAAATAAATTATTTTTCTCATTTAATAAAGTTTCAACATATAACACATTTAGCCCTTGTACCTTTAATCATACTAACTAGATTTTCTAACCAGGGAAACTTTTA
K00271:89:HHWWNBBXX:2:1101:6137:4391	K00271_89_HHWWNBBXX_2_1101_6137_4391	K00271_89_HHWWNBBXX_2_1101_6137_4391	N/A	100.000	AAGAACTATAGCAATACTCAAATTAAAGCGAAGAAAATGCTCATTTTTATGATGCAATTTTTTAAAAAAATCAACGTATAAAAAAGTTATAGCCTTTTAAAAATCGTTGGGTGGTTAGTTTAAAATAAGGGGGCAAAAGTGTAATTATTA
K00271:89:HHWWNBBXX:2:1101:17117:4426	K00271_89_HHWWNBBXX_2_1101_17117_442	K00271_89_HHWWNBBXX_2_1101_17117_442	N/A	100.000	CAAACCACATGGAACAAAATTGTAATTCTATTAAGTTGGGGACTAAAGGTGAACTATGAGCAAATCACAAAGGTTATCCAGACATTTTTCTCGTACGAATTATGATAAAATAAGTCTTGTTATTTATTTATATATAATTTTTTCAGTTAT
K00271:89:HHWWNBBXX:2:1101:28381:4462	K00271_89_HHWWNBBXX_2_1101_28381_446	K00271_89_HHWWNBBXX_2_1101_28381_446	N/A	100.000	ACCTGTCGCGGTCCGCTACAGGCTTCAGAGCTGGCAATTTTATTAATTTTGTTTATTTTGAATTTTGGACTTGTTTAAACTTGTTATTTAACTATCAAAACTAACTTTCACATTGGTTTTGAATTTAGGTGAACGTAGTGTGCTCCCGGA
K00271:89:HHWWNBBXX:2:1101:11647:4514	K00271_89_HHWWNBBXX_2_1101_11647_451	K00271_89_HHWWNBBXX_2_1101_11647_451	N/A	100.000	ATATTTCAGCAAAAGTAAGCATTTAAACATTAAAATAATTTGCAGAAAGTAGTATAAGACATCCAAAATAACTTGCAAAGTGTCCAGAATGAAAACATGTCACAAAAGGTACTTCATACCTTGTAAAATTCACAACTTAGCACATTAATG
K00271:89:HHWWNBBXX:2:1101:24718:4549	K00271_89_HHWWNBBXX_2_1101_24718_454	K00271_89_HHWWNBBXX_2_1101_24718_454	N/A	100.000	TGGGCTTAACTAATTATTTACGTTACGCTCTCATTCACATGATTTGCGCACGAATTAGCGTCATGCCCTTTGTTCTATGTTCCAAGCATGATTATTCAAGCAATGTCTACAAGGTTAAAATCCTGAATTATTGACCTAATATCATGGGTT
K00271:89:HHWWNBBXX:2:1101:4310:4602	K00271_89_HHWWNBBXX_2_1101_4310_4602	K00271_89_HHWWNBBXX_2_1101_4310_4602	N/A	100.000	GAATCAAAACTAGATGGTTTCGAGTTGTGCATACATGAGTCGGAACCTCGGGGTCTCGAGTCAGGTCTCGAGTCCCTGATATGCATGCCCTAGTCTCGAGTCGCAATCTCAAATGAAACAGCTGCTGGGTCGAAACCACTGATGGATCCA
K00271:89:HHWWNBBXX:2:1101:13748:4637	K00271_89_HHWWNBBXX_2_1101_13748_463	K00271_89_HHWWNBBXX_2_1101_13748_463	N/A	100.000	TTCCACTCATCCCATATTCATTTAAGAGATCCATACAATATTTTCTTTGAGTAAGACACACACCATCAGCAGTTTTTATCACTTCAATTCCCAGAAAAAATTTTAATAACCCGAGATCCTTTATTAAAAATTCAGTTTTCAAAAGATGTT
K00271:89:HHWWNBBXX:2:1101:18822:4673	K00271_89_HHWWNBBXX_2_1101_18822_467	K00271_89_HHWWNBBXX_2_1101_18822_467	N/A	100.000	TTTAAAAGCTAATGGACTAAATATATACAAAAAAAGTCTAGAAATATATAAAAAGATCGGACTTGGCATCCACCATTGGTTGGACTTATTTTAGCACAATGACACCATTAGATGTTCTTTTAATTAATATAGGATTAATCGGGTTTCAGG
K00271:89:HHWWNBBXX:2:1101:22881:4708	K00271_89_HHWWNBBXX_2_1101_22881_470	K00271_89_HHWWNBBXX_2_1101_22881_470	N/A	100.000	TATCAATCAACATAATCAAATCCAAACACTATCTTTCAACATCACATTTTGTTATAGTTAACTATCTGATTCTGATTATTCAAAACGCATAATCTATTTTCAAAACTCAACCCCGAACACCCTCTTAAATTATCATGTGTGTAAATCAAC
K00271:89:HHWWNBBXX:2:1101:5030:4760	K00271_89_HHWWNBBXX_2_1101_5030_4760	K00271_89_HHWWNBBXX_2_1101_5030_4760	N/A	100.000	GTACAAAATTTTAAGTTCCTATGACAAATCAAAAAACAAATAACAGATCATATTATTATGAATGGTTATACAAACTTCAATATTTATTAGATCGGAAGAGCACACGTCTGAACTCCAGTCACCAGATCAACTCGTATGCCGTCTTCTGCT
K00271:89:HHWWNBBXX:2:1101:5030:4760	K00271_89_HHWWNBBXX_2_1101_23277_106	K00271_89_HHWWNBBXX_2_1101_23277_106	N/A	98.333	ATCGGAAGAGCACACGTCTGAACTCCAGTCACCAGATCAACTCGTATGCCGTCTTCTGCT
K00271:89:HHWWNBBXX:2:1101:5030:4760	K00271_89_HHWWNBBXX_2_1101_19492_238	K00271_89_HHWWNBBXX_2_1101_19492_238	N/A	93.548	ATATTTATTAGATCGGAAGAGCACACGTCTGAACTCCAGTCACCAGATCAACTCGTATGCCG
K00271:89:HHWWNBBXX:2:1101:5030:4760	K00271_89_HHWWNBBXX_2_1101_10247_289	K00271_89_HHWWNBBXX_2_1101_10247_289	N/A	97.674	ATTAGATCGGAAGAGCACACGTCTGAACTCCAGTCACCAGATC
K00271:89:HHWWNBBXX:2:1101:5030:4760	K00271_89_HHWWNBBXX_2_1101_14915_479	K00271_89_HHWWNBBXX_2_1101_14915_479	N/A	100.000	AGATCGGAAGAGCACACGTCTGAACTCCAGTCACCAGA
K00271:89:HHWWNBBXX:2:1101:5030:4760	K00271_89_HHWWNBBXX_2_1101_28645_284	K00271_89_HHWWNBBXX_2_1101_28645_284	N/A	100.000	TTAGATCGGAAGAGCACACGTCTGAACTCCAGTCACCA
K00271:89:HHWWNBBXX:2:1101:5030:4760	K00271_89_HHWWNBBXX_2_1101_13748_259	K00271_89_HHWWNBBXX_2_1101_13748_259	N/A	97.222	TTTATTAGATCGGAAGAGCACACGTCTGAACTCCAG
K00271:89:HHWWNBBXX:2:1101:5030:4760	K00271_89_HHWWNBBXX_2_1101_10338_491	K00271_89_HHWWNBBXX_2_1101_10338_491	N/A	100.000	TAGATCGGAAGAGCACACGTCTGAACTCCAG
K00271:89:HHWWNBBXX:2:1101:14915:4796	K00271_89_HHWWNBBXX_2_1101_14915_479	K00271_89_HHWWNBBXX_2_1101_14915_479	N/A	100.000	GCTACCTTAACGAGTCGTAATGGGTCGTAAGAATTTAGGATAGGTTCCATTTTAGAATGTAGGCTTTGTTAAACCATATTACATGAGTTCCCATACTCATTTGGTTTACGAAAGATCGGAAGAGCACACGTCTGAACTCCAGTCACCAGA
K00271:89:HHWWNBBXX:2:1101:14915:4796	K00271_89_HHWWNBBXX_2_1101_10247_289	K00271_89_HHWWNBBXX_2_1101_10247_289	N/A	100.000	AAGATCGGAAGAGCACACGTCTGAACTCCAGTCACCAGA
K00271:89:HHWWNBBXX:2:1101:14915:4796	K00271_89_HHWWNBBXX_2_1101_19492_238	K00271_89_HHWWNBBXX_2_1101_19492_238	N/A	100.000	AAGATCGGAAGAGCACACGTCTGAACTCCAGTCACCAGA
K00271:89:HHWWNBBXX:2:1101:14915:4796	K00271_89_HHWWNBBXX_2_1101_5030_4760	K00271_89_HHWWNBBXX_2_1101_5030_4760	N/A	100.000	AGATCGGAAGAGCACACGTCTGAACTCCAGTCACCAGA
K00271:89:HHWWNBBXX:2:1101:14915:4796	K00271_89_HHWWNBBXX_2_1101_28645_284	K00271_89_HHWWNBBXX_2_1101_28645_284	N/A	100.000	AGATCGGAAGAGCACACGTCTGAACTCCAGTCACCA
K00271:89:HHWWNBBXX:2:1101:14915:4796	K00271_89_HHWWNBBXX_2_1101_23277_106	K00271_89_HHWWNBBXX_2_1101_23277_106	N/A	100.000	ATCGGAAGAGCACACGTCTGAACTCCAGTCACCAGA
K00271:89:HHWWNBBXX:2:1101:14915:4796	K00271_89_HHWWNBBXX_2_1101_10338_491	K00271_89_HHWWNBBXX_2_1101_10338_491	N/A	100.000	AGATCGGAAGAGCACACGTCTGAACTCCAG
K00271:89:HHWWNBBXX:2:1101:14915:4796	K00271_89_HHWWNBBXX_2_1101_13748_259	K00271_89_HHWWNBBXX_2_1101_13748_259	N/A	100.000	AGATCGGAAGAGCACACGTCTGAACTCCAG
K00271:89:HHWWNBBXX:2:1101:19969:4831	K00271_89_HHWWNBBXX_2_1101_19969_483	K00271_89_HHWWNBBXX_2_1101_19969_483	N/A	100.000	GTTTATTTCAACCTAAAGCTCAGCTTGTTTTTCATGTATATTCGTCACTTGTTCTGTTAGTTCGTCTAGTTTTTCAAAAATCCTACGGTCCGGCTCAACGACTTCTTCAAGTACATGCTTAAGCTGTTCGAAAACGTTCATTTCCTCGTT
K00271:89:HHWWNBBXX:2:1101:26017:4866	K00271_89_HHWWNBBXX_2_1101_26017_486	K00271_89_HHWWNBBXX_2_1101_26017_486	N/A	100.000	ATACATCGAAGGCGCAAGCAGCCCAACATATACCGTTGCGTTAGATGACTTAGGTACCCGCATTGGTGTAGAAGCTATGCCTTTGGATAAAAACAGACGCCCTGGCGAAATATATTGCTGCTTTGCCAACAATGGACTTTTAATCGGAGA
K00271:89:HHWWNBBXX:2:1101:10338:4919	K00271_89_HHWWNBBXX_2_1101_10338_491	K00271_89_HHWWNBBXX_2_1101_10338_491	N/A	100.000	AGCTATAAAAATAGCTGGATTTTAGGTTTTTGTTAAATTTACATGTAAAATAGCATATATACCGGGTATTTTGATATAATATACATATAATTTTTTCTAGTGTATCACTATTTATAAAATAGATCGGAAGAGCACACGTCTGAACTCCAG
K00271:89:HHWWNBBXX:2:1101:10338:4919	K00271_89_HHWWNBBXX_2_1101_13748_259	K00271_89_HHWWNBBXX_2_1101_13748_259	N/A	100.000	ATAGATCGGAAGAGCACACGTCTGAACTCCAG
K00271:89:HHWWNBBXX:2:1101:10338:4919	K00271_89_HHWWNBBXX_2_1101_5030_4760	K00271_89_HHWWNBBXX_2_1101_5030_4760	N/A	100.000	TAGATCGGAAGAGCACACGTCTGAACTCCAG
K00271:89:HHWWNBBXX:2:1101:10338:4919	K00271_89_HHWWNBBXX_2_1101_28645_284	K00271_89_HHWWNBBXX_2_1101_28645_284	N/A	100.000	TAGATCGGAAGAGCACACGTCTGAACTCCAG
K00271:89:HHWWNBBXX:2:1101:10338:4919	K00271_89_HHWWNBBXX_2_1101_14915_479	K00271_89_HHWWNBBXX_2_1101_14915_479	N/A	100.000	AGATCGGAAGAGCACACGTCTGAACTCCAG
K00271:89:HHWWNBBXX:2:1101:10338:4919	K00271_89_HHWWNBBXX_2_1101_10247_289	K00271_89_HHWWNBBXX_2_1101_10247_289	N/A	100.000	AGATCGGAAGAGCACACGTCTGAACTCCAG
K00271:89:HHWWNBBXX:2:1101:10338:4919	K00271_89_HHWWNBBXX_2_1101_19492_238	K00271_89_HHWWNBBXX_2_1101_19492_238	N/A	100.000	AGATCGGAAGAGCACACGTCTGAACTCCAG
K00271:89:HHWWNBBXX:2:1101:10338:4919	K00271_89_HHWWNBBXX_2_1101_23277_106	K00271_89_HHWWNBBXX_2_1101_23277_106	N/A	100.000	ATCGGAAGAGCACACGTCTGAACTCCAG
K00271:89:HHWWNBBXX:2:1101:20222:4954	K00271_89_HHWWNBBXX_2_1101_20222_495	K00271_89_HHWWNBBXX_2_1101_20222_495	N/A	100.000	TTTCCTCTTTGTCTTACCTCTTTCTCTCATTTTTAGGAATGTTACTTCCGAGGATCCATTCCTTTTAGTTATTATTTAATGCGGGGAATTATAACGAATTCCCACTCTAGACCCATATGTCCCATAGGTTCTTTCACTTAGCTTTGTAGG
K00271:89:HHWWNBBXX:2:1101:5457:5007	K00271_89_HHWWNBBXX_2_1101_5457_5007	K00271_89_HHWWNBBXX_2_1101_5457_5007	N/A	100.000	AACACACTGAAGAGCCATATGAAAGACCCACAAGAAACAACAAAGAGTTACCAATTCGAGAAATGAGTACTGAGGACAAAAAGAAATATCGAGATGAGAAACTCATGGTGAGTCTGCTTCAGCAAGCAATAAAAGAAGATATTCTGATTT
K00271:89:HHWWNBBXX:2:1101:19035:5042	K00271_89_HHWWNBBXX_2_1101_19035_504	K00271_89_HHWWNBBXX_2_1101_19035_504	N/A	100.000	TTTATTATTTTAGGGTTCATCACAATGTTCATAAGAAAATTCAAAAAATTCCCTTATTTTGGAATGAATTTCTATCACATGGTGTTTTTCTGTTTTGATCTAATTTATCAACTAAAATGTTTTCGAAATCTGTTATAATCATAAATGGAT
K00271:89:HHWWNBBXX:2:1101:25144:5077	K00271_89_HHWWNBBXX_2_1101_25144_507	K00271_89_HHWWNBBXX_2_1101_25144_507	N/A	100.000	CTTGATTTCGGGCCTCGTGAATTCATCCCAAGCCCCGATAAGCTTCTATAATGCACCTTAACCCTACCAAATGGCTTGATAAGCTACGGTTAAGTGTGGAACTCATCTTTAAGGTCCGAAATGTACCCGAAAGTTATTTAAAAAGCGTTT
K00271:89:HHWWNBBXX:2:1101:9810:5130	K00271_89_HHWWNBBXX_2_1101_9810_5130	K00271_89_HHWWNBBXX_2_1101_9810_5130	N/A	100.000	GTTGTGGCCAAGAGAGATTCTTGGTTCATAAGCATGCCCCGCCTCTTAAATCATCAACATGCTTTGGGTGCATTGTTTGTGGATCACATGAAAACTCCACATTTAAGTGTGCTTAGGTGGGAGTAGCACGAAGATGGATTGCCTCATGGG
K00271:89:HHWWNBBXX:2:1101:19471:5165	K00271_89_HHWWNBBXX_2_1101_19471_516	K00271_89_HHWWNBBXX_2_1101_19471_516	N/A	100.000	AAGTTTGAAAGTTGTTTGGCTGAAACAGGGGTCAGGCGACCCGCCTGGGAAGGCCCAAGCGGGCCGCGTGGGTTGCCCAGCGACAGAAAATCGTATTTGGATCATTTTGAGTCCGAATTCAAGTGCATAACAGCTGGTTTCGCCTCCAAA
K00271:89:HHWWNBBXX:2:1101:21663:5200	K00271_89_HHWWNBBXX_2_1101_21663_520	K00271_89_HHWWNBBXX_2_1101_21663_520	N/A	100.000	GCCTGCTAAAAGTTATATGATTGCTTTTGATGTGGTTTCTGAAACTTTCTCAAAGGTTTCAATACCACAATGTACTCATGTTGTTGCTCGCCAAAGCAGGTTTTTCAAAATCCGCAACACACTTCATATGTTTTTTGTCGTAAAGACCCA
K00271:89:HHWWNBBXX:2:1101:2169:5253	K00271_89_HHWWNBBXX_2_1101_2169_5253	K00271_89_HHWWNBBXX_2_1101_2169_5253	N/A	100.000	CTGGTTGTGAGTGAAGGAAAGAGAAAAATGTAATGATAAAGGTATAAAATATTATTTAATTGAAAATGAGAGAAAAAAAGTATTTGTTTTTAGTGGAAATATATTGATATAGGAGTTGTTTTTTAGTGGAATGTATGTATAACTAGTGGT
